
> cad-suite@0.1.0 build
> next build

Γû▓ Next.js 16.2.1 (Turbopack)
- Environments: .env.local

  Creating an optimized production build ...
node.exe : Turbopack build encountered 2 warnings:
At line:1 char:1
+ & "C:\Program Files\nodejs/node.exe" "C:\Program Files\nodejs/node_mo ...
+ ~~~~~~~~~~~~~~~~~~~~~~~~~~~~~~~~~~~~~~~~~~~~~~~~~~~~~~~~~~~~~~~~~~~~~
    + CategoryInfo          : NotSpecified: (Turbopack build encountered 2 warnings::Str    ing) [], RemoteException
    + FullyQualifiedErrorId : NativeCommandError
 
./src/lib/cloudflareBackup.ts:56:44
Module not found: Can't resolve '@opennextjs/cloudflare'
  [90m54 |[0m ...
  [90m55 |[0m ...
[31m[1m>[0m [90m56 |[0m ...loudflareContext } = [36mawait[0m [36mimport[0m([32m"@opennextjs/cloudflare"[0m);
  [90m   |[0m                               [31m[1m^^^^^^^^^^^^^^^^^^^^^^^^^^^^^^^^[0m
  [90m57 |[0m ...t = [36mawait[0m getCloudflareContext({ [36masync[0m: [36mtrue[0m });
  [90m58 |[0m ...gName = process.env.[33mCLOUDFLARE_BACKUP_D1_BINDING[0m?.trim() || [32m"CATALOG_BACKUP_D1"[0m;
  [90m59 |[0m ...context.env [36mas[0m [33mRecord[0m<string, unknown>)[bindingName];



Import trace:
  App Route:
    ./src/lib/cloudflareBackup.ts
    ./src/lib/businessStats.ts
    ./src/app/api/business-stats/route.ts

https://nextjs.org/docs/messages/module-not-found


./src/lib/cloudflareBackupCatalog.ts:44:44
Module not found: Can't resolve '@opennextjs/cloudflare'
  [90m42 |[0m ...etBackupDb(): [33mPromise[0m<[33mD1LikeDatabase[0m | [36mnull[0m> {
  [90m43 |[0m ...
[31m[1m>[0m [90m44 |[0m ...loudflareContext } = [36mawait[0m [36mimport[0m([32m"@opennextjs/cloudflare"[0m);
  [90m   |[0m                               [31m[1m^^^^^^^^^^^^^^^^^^^^^^^^^^^^^^^^[0m
  [90m45 |[0m ...t = [36mawait[0m getCloudflareContext({ [36masync[0m: [36mtrue[0m });
  [90m46 |[0m ...gName = process.env.[33mCLOUDFLARE_BACKUP_D1_BINDING[0m?.trim() || [32m"CATALOG_BACKUP_D1"[0m;
  [90m47 |[0m ...context.env [36mas[0m [33mRecord[0m<string, unknown>)[bindingName];



Import traces:
  App Route:
    ./src/lib/cloudflareBackupCatalog.ts
    ./src/lib/getProducts.ts
    ./src/app/api/recommendations/route.ts

  Server Component:
    ./src/lib/cloudflareBackupCatalog.ts
    ./src/lib/getProducts.ts
    ./src/features/planner/data/plannerCatalog.ts
    ./src/app/planner/page.tsx

https://nextjs.org/docs/messages/module-not-found



> Build error occurred
Error: Turbopack build failed with 118 errors:
./next.config.ts
Failed to resolve package babel-plugin-react-compiler while attempting to resolve React Compiler
React compiler is enabled in next.config.ts. We attempted to resolve React Compiler relative to the next package. Is 
babel-plugin-react-compiler installed in your node_modules directory?


./src/app/globals.css
Error evaluating Node.js code
Error: Cannot find module 'picocolors'
    at pico (node_modules/postcss/lib/css-syntax-error.js:3:5) [C:\claude0104 - 
Copy\apps\cad-suite\.next\build\chunks\node_modules_postcss_lib_109z~l5._.js:336:15]
    at pico (node_modules/postcss/lib/css-syntax-error.js:3:5) [C:\claude0104 - 
Copy\apps\cad-suite\.next\build\chunks\node_modules_postcss_lib_109z~l5._.js:339:3]
    at moduleFactory (turbopack:///[turbopack]/nodejs/runtime/build-base.ts:57:5) [C:\claude0104 - 
Copy\apps\cad-suite\.next\build\chunks\[turbopack]_runtime.js:840:9]
    at instantiateModule (turbopack:///[turbopack]/nodejs/runtime/build-base.ts:90:10) [C:\claude0104 - 
Copy\apps\cad-suite\.next\build\chunks\[turbopack]_runtime.js:864:12]
    at getOrInstantiateModuleFromParent (turbopack:///[turbopack]/shared/runtime/runtime-utils.ts:440:10) 
[C:\claude0104 - Copy\apps\cad-suite\.next\build\chunks\[turbopack]_runtime.js:289:12]
    at CssSyntaxError (node_modules/postcss/lib/postcss.js:3:5) [C:\claude0104 - 
Copy\apps\cad-suite\.next\build\chunks\node_modules_postcss_lib_109z~l5._.js:3686:44]
    at moduleFactory (turbopack:///[turbopack]/nodejs/runtime/build-base.ts:57:5) [C:\claude0104 - 
Copy\apps\cad-suite\.next\build\chunks\[turbopack]_runtime.js:840:9]
    at instantiateModule (turbopack:///[turbopack]/nodejs/runtime/build-base.ts:90:10) [C:\claude0104 - 
Copy\apps\cad-suite\.next\build\chunks\[turbopack]_runtime.js:864:12]
    at getOrInstantiateModuleFromParent (turbopack:///[turbopack]/shared/runtime/runtime-utils.ts:398:18) 
[C:\claude0104 - Copy\apps\cad-suite\.next\build\chunks\[turbopack]_runtime.js:268:20]
    at module evaluation (node_modules/postcss/lib/postcss.mjs:1:1) [C:\claude0104 - 
Copy\apps\cad-suite\.next\build\chunks\node_modules_postcss_lib_109z~l5._.js:3824:164]

Import trace:
  Client Component Browser:
    ./src/app/globals.css [Client Component Browser]
    ./src/app/layout.tsx [Server Component]


./src/lib/ciscosans_3be45718.module.css
Error evaluating Node.js code
Error: Cannot find module 'picocolors'
    at pico (node_modules/postcss/lib/css-syntax-error.js:3:5) [C:\claude0104 - 
Copy\apps\cad-suite\.next\build\chunks\node_modules_postcss_lib_109z~l5._.js:336:15]
    at pico (node_modules/postcss/lib/css-syntax-error.js:3:5) [C:\claude0104 - 
Copy\apps\cad-suite\.next\build\chunks\node_modules_postcss_lib_109z~l5._.js:339:3]
    at moduleFactory (turbopack:///[turbopack]/nodejs/runtime/build-base.ts:57:5) [C:\claude0104 - 
Copy\apps\cad-suite\.next\build\chunks\[turbopack]_runtime.js:840:9]
    at instantiateModule (turbopack:///[turbopack]/nodejs/runtime/build-base.ts:90:10) [C:\claude0104 - 
Copy\apps\cad-suite\.next\build\chunks\[turbopack]_runtime.js:864:12]
    at getOrInstantiateModuleFromParent (turbopack:///[turbopack]/shared/runtime/runtime-utils.ts:440:10) 
[C:\claude0104 - Copy\apps\cad-suite\.next\build\chunks\[turbopack]_runtime.js:289:12]
    at CssSyntaxError (node_modules/postcss/lib/postcss.js:3:5) [C:\claude0104 - 
Copy\apps\cad-suite\.next\build\chunks\node_modules_postcss_lib_109z~l5._.js:3686:44]
    at moduleFactory (turbopack:///[turbopack]/nodejs/runtime/build-base.ts:57:5) [C:\claude0104 - 
Copy\apps\cad-suite\.next\build\chunks\[turbopack]_runtime.js:840:9]
    at instantiateModule (turbopack:///[turbopack]/nodejs/runtime/build-base.ts:90:10) [C:\claude0104 - 
Copy\apps\cad-suite\.next\build\chunks\[turbopack]_runtime.js:864:12]
    at getOrInstantiateModuleFromParent (turbopack:///[turbopack]/shared/runtime/runtime-utils.ts:398:18) 
[C:\claude0104 - Copy\apps\cad-suite\.next\build\chunks\[turbopack]_runtime.js:268:20]
    at module evaluation (node_modules/postcss/lib/postcss.mjs:1:1) [C:\claude0104 - 
Copy\apps\cad-suite\.next\build\chunks\node_modules_postcss_lib_109z~l5._.js:3824:164]

Import trace:
  Server Component:
    ./src/lib/ciscosans_3be45718.module.css
    ./src/lib/ciscosans_3be45718.js
    ./src/app/layout.tsx


./src/lib/helveticaneue_4b6e0697.module.css
Error evaluating Node.js code
Error: Cannot find module 'picocolors'
    at pico (node_modules/postcss/lib/css-syntax-error.js:3:5) [C:\claude0104 - 
Copy\apps\cad-suite\.next\build\chunks\node_modules_postcss_lib_109z~l5._.js:336:15]
    at pico (node_modules/postcss/lib/css-syntax-error.js:3:5) [C:\claude0104 - 
Copy\apps\cad-suite\.next\build\chunks\node_modules_postcss_lib_109z~l5._.js:339:3]
    at moduleFactory (turbopack:///[turbopack]/nodejs/runtime/build-base.ts:57:5) [C:\claude0104 - 
Copy\apps\cad-suite\.next\build\chunks\[turbopack]_runtime.js:840:9]
    at instantiateModule (turbopack:///[turbopack]/nodejs/runtime/build-base.ts:90:10) [C:\claude0104 - 
Copy\apps\cad-suite\.next\build\chunks\[turbopack]_runtime.js:864:12]
    at getOrInstantiateModuleFromParent (turbopack:///[turbopack]/shared/runtime/runtime-utils.ts:440:10) 
[C:\claude0104 - Copy\apps\cad-suite\.next\build\chunks\[turbopack]_runtime.js:289:12]
    at CssSyntaxError (node_modules/postcss/lib/postcss.js:3:5) [C:\claude0104 - 
Copy\apps\cad-suite\.next\build\chunks\node_modules_postcss_lib_109z~l5._.js:3686:44]
    at moduleFactory (turbopack:///[turbopack]/nodejs/runtime/build-base.ts:57:5) [C:\claude0104 - 
Copy\apps\cad-suite\.next\build\chunks\[turbopack]_runtime.js:840:9]
    at instantiateModule (turbopack:///[turbopack]/nodejs/runtime/build-base.ts:90:10) [C:\claude0104 - 
Copy\apps\cad-suite\.next\build\chunks\[turbopack]_runtime.js:864:12]
    at getOrInstantiateModuleFromParent (turbopack:///[turbopack]/shared/runtime/runtime-utils.ts:398:18) 
[C:\claude0104 - Copy\apps\cad-suite\.next\build\chunks\[turbopack]_runtime.js:268:20]
    at module evaluation (node_modules/postcss/lib/postcss.mjs:1:1) [C:\claude0104 - 
Copy\apps\cad-suite\.next\build\chunks\node_modules_postcss_lib_109z~l5._.js:3824:164]

Import trace:
  Server Component:
    ./src/lib/helveticaneue_4b6e0697.module.css
    ./src/lib/helveticaneue_4b6e0697.js
    ./src/app/layout.tsx


./src/features/planner/ui/PlannerSessionDialog.tsx:3:1
Module not found: Can't resolve '@radix-ui/react-dialog'
  [90m1 |[0m [32m"use client"[0m;
  [90m2 |[0m
[31m[1m>[0m [90m3 |[0m [36mimport[0m * [36mas[0m [33mDialog[0m [36mfrom[0m 
[32m"@radix-ui/react-dialog"[0m;
  [90m  |[0m [31m[1m^^^^^^^^^^^^^^^^^^^^^^^^^^^^^^^^^^^^^^^^^^^^^^^^^[0m
  [90m4 |[0m [36mimport[0m {
  [90m5 |[0m   [33mBadgeCheck[0m,
  [90m6 |[0m   [33mCloud[0m,



Import traces:
  Client Component Browser:
    ./src/features/planner/ui/PlannerSessionDialog.tsx [Client Component Browser]
    ./src/components/draw/SmartdrawPlanner.tsx [Client Component Browser]
    ./src/components/draw/SmartdrawPlanner.tsx [Server Component]
    ./src/app/planner-saved/[id]/page.tsx [Server Component]

  Client Component SSR:
    ./src/features/planner/ui/PlannerSessionDialog.tsx [Client Component SSR]
    ./src/components/draw/SmartdrawPlanner.tsx [Client Component SSR]
    ./src/components/draw/SmartdrawPlanner.tsx [Server Component]
    ./src/app/planner-saved/[id]/page.tsx [Server Component]

https://nextjs.org/docs/messages/module-not-found


./src/features/planner/3d/Planner3DViewer.tsx:5:1
Module not found: Can't resolve '@react-three/drei'
  [90m3 |[0m [36mimport[0m [33mReact[0m, { [33mSuspense[0m } [36mfrom[0m [32m"react"[0m;
  [90m4 |[0m [36mimport[0m { [33mCanvas[0m } [36mfrom[0m [32m"@react-three/fiber"[0m;
[31m[1m>[0m [90m5 |[0m [36mimport[0m { [33mContactShadows[0m, [33mEnvironment[0m, [33mHtml[0m, 
[33mOrbitControls[0m } [36mfrom[0m [32m"@react-three/drei"[0m;
  [90m  |[0m [31m[1m^^^^^^^^^^^^^^^^^^^^^^^^^^^^^^^^^^^^^^^^^^^^^^^^^^^^^^^^^^^^^^^^^^^^^^^^^^^^^^^^^^^^^[0m
  [90m6 |[0m
  [90m7 |[0m [36mimport[0m { buildPlanner3DSceneDocument, mmToWorld, [36mtype[0m [33mPlanner3DItem[0m, 
[36mtype[0m [33mPlannerDocument[0m }.[36m..[0m
  [90m8 |[0m



Import traces:
  Client Component Browser:
    ./src/features/planner/3d/Planner3DViewer.tsx [Client Component Browser]
    ./src/app/configurator/page.tsx [Client Component Browser]
    ./src/app/configurator/page.tsx [Server Component]

  Client Component SSR:
    ./src/features/planner/3d/Planner3DViewer.tsx [Client Component SSR]
    ./src/app/configurator/page.tsx [Client Component SSR]
    ./src/app/configurator/page.tsx [Server Component]

https://nextjs.org/docs/messages/module-not-found


./src/features/planner/3d/Planner3DViewer.tsx:4:1
Module not found: Can't resolve '@react-three/fiber'
  [90m2 |[0m
  [90m3 |[0m [36mimport[0m [33mReact[0m, { [33mSuspense[0m } [36mfrom[0m [32m"react"[0m;
[31m[1m>[0m [90m4 |[0m [36mimport[0m { [33mCanvas[0m } [36mfrom[0m [32m"@react-three/fiber"[0m;
  [90m  |[0m [31m[1m^^^^^^^^^^^^^^^^^^^^^^^^^^^^^^^^^^^^^^^^^^^^[0m
  [90m5 |[0m [36mimport[0m { [33mContactShadows[0m, [33mEnvironment[0m, [33mHtml[0m, [33mOrbitControls[0m } 
[36mfrom[0m [32m"@react-three/drei"[0m;
  [90m6 |[0m
  [90m7 |[0m [36mimport[0m { buildPlanner3DSceneDocument, mmToWorld, [36mtype[0m [33mPlanner3DItem[0m, 
[36mtype[0m [33mPlannerDocument[0m }...



Import traces:
  Client Component Browser:
    ./src/features/planner/3d/Planner3DViewer.tsx [Client Component Browser]
    ./src/app/configurator/page.tsx [Client Component Browser]
    ./src/app/configurator/page.tsx [Server Component]

  Client Component SSR:
    ./src/features/planner/3d/Planner3DViewer.tsx [Client Component SSR]
    ./src/app/configurator/page.tsx [Client Component SSR]
    ./src/app/configurator/page.tsx [Server Component]

https://nextjs.org/docs/messages/module-not-found


./src/lib/supabase/client.ts:1:1
Module not found: Can't resolve '@supabase/ssr'
[31m[1m>[0m [90m1 |[0m [36mimport[0m { createBrowserClient } [36mfrom[0m [32m"@supabase/ssr"[0m
  [90m  |[0m [31m[1m^^^^^^^^^^^^^^^^^^^^^^^^^^^^^^^^^^^^^^^^^^^^^^^^^^^[0m
  [90m2 |[0m
  [90m3 |[0m [36mexport[0m [36mfunction[0m createClient() {
  [90m4 |[0m   [36mreturn[0m createBrowserClient(



Import traces:
  Client Component Browser:
    ./src/lib/supabase/client.ts [Client Component Browser]
    ./src/components/draw/SmartdrawPlanner.tsx [Client Component Browser]
    ./src/components/draw/SmartdrawPlanner.tsx [Server Component]
    ./src/app/planner/page.tsx [Server Component]

  Client Component SSR:
    ./src/lib/supabase/client.ts [Client Component SSR]
    ./src/components/draw/SmartdrawPlanner.tsx [Client Component SSR]
    ./src/components/draw/SmartdrawPlanner.tsx [Server Component]
    ./src/app/planner/page.tsx [Server Component]

https://nextjs.org/docs/messages/module-not-found


./src/lib/db.ts:1:1
Module not found: Can't resolve '@supabase/supabase-js'
[31m[1m>[0m [90m1 |[0m [36mimport[0m { createClient } [36mfrom[0m [32m"@supabase/supabase-js"[0m;
  [90m  |[0m [31m[1m^^^^^^^^^^^^^^^^^^^^^^^^^^^^^^^^^^^^^^^^^^^^^^^^^^^^^[0m
  [90m2 |[0m
  [90m3 |[0m [36mconst[0m supabaseUrl =
  [90m4 |[0m   process.env.[33mNEXT_PUBLIC_SUPABASE_URL[0m?.trim() ||



Import traces:
  App Route:
    ./src/lib/db.ts
    ./src/app/api/tracking/route.ts

  Server Component:
    ./src/lib/db.ts
    ./src/lib/getProducts.ts
    ./src/features/planner/data/plannerCatalog.ts
    ./src/app/planner/page.tsx

https://nextjs.org/docs/messages/module-not-found


./src/lib/supabaseAdmin.ts:1:1
Module not found: Can't resolve '@supabase/supabase-js'
[31m[1m>[0m [90m1 |[0m [36mimport[0m { createClient } [36mfrom[0m [32m"@supabase/supabase-js"[0m;
  [90m  |[0m [31m[1m^^^^^^^^^^^^^^^^^^^^^^^^^^^^^^^^^^^^^^^^^^^^^^^^^^^^^[0m
  [90m2 |[0m
  [90m3 |[0m [36mfunction[0m getEnv(name: string): string {
  [90m4 |[0m   [36mconst[0m value = process.env[name]?.trim();



Import trace:
  App Route:
    ./src/lib/supabaseAdmin.ts
    ./src/app/api/tracking/route.ts

https://nextjs.org/docs/messages/module-not-found


./node_modules/next/dist/client/app-index.js:11:34
Module not found: Can't resolve '@swc/helpers/_/_interop_require_default'
Import map: aliased to module '@swc/helpers' with subpath '/_/_interop_require_default' inside of 
[project]/node_modules/next


Import trace:
  Client Component Browser:
    ./node_modules/next/dist/client/app-index.js
    ./node_modules/next/dist/client/app-next-turbopack.js

https://nextjs.org/docs/messages/module-not-found


./node_modules/next/dist/client/components/app-router.js:11:34
Module not found: Can't resolve '@swc/helpers/_/_interop_require_default'
Import map: aliased to module '@swc/helpers' with subpath '/_/_interop_require_default' inside of 
[project]/node_modules/next


Import trace:
  Client Component Browser:
    ./node_modules/next/dist/client/components/app-router.js
    ./node_modules/next/dist/client/app-index.js
    ./node_modules/next/dist/client/app-next-turbopack.js

https://nextjs.org/docs/messages/module-not-found


./node_modules/next/dist/client/components/builtin/app-error.js:11:34
Module not found: Can't resolve '@swc/helpers/_/_interop_require_default'
Import map: aliased to module '@swc/helpers' with subpath '/_/_interop_require_default' inside of 
[project]/node_modules/next


https://nextjs.org/docs/messages/module-not-found


./node_modules/next/dist/client/components/builtin/error-styles.js:27:34
Module not found: Can't resolve '@swc/helpers/_/_interop_require_default'
Import map: aliased to module '@swc/helpers' with subpath '/_/_interop_require_default' inside of 
[project]/node_modules/next


Import traces:
  Server Component:
    ./node_modules/next/dist/client/components/builtin/error-styles.js
    ./node_modules/next/dist/client/components/builtin/app-error.js

  Client Component SSR:
    ./node_modules/next/dist/client/components/builtin/error-styles.js [Client Component SSR]
    ./node_modules/next/dist/client/components/builtin/global-error.js [Client Component SSR]
    ./node_modules/next/dist/client/components/builtin/global-error.js [Server Component]

  Client Component Browser:
    ./node_modules/next/dist/client/components/builtin/error-styles.js
    ./node_modules/next/dist/client/components/builtin/global-error.js
    ./node_modules/next/dist/client/components/app-router.js
    ./node_modules/next/dist/client/app-index.js
    ./node_modules/next/dist/client/app-next-turbopack.js

https://nextjs.org/docs/messages/module-not-found


./node_modules/next/dist/client/components/builtin/global-error.js:14:34
Module not found: Can't resolve '@swc/helpers/_/_interop_require_default'
Import map: aliased to module '@swc/helpers' with subpath '/_/_interop_require_default' inside of 
[project]/node_modules/next


Import traces:
  Client Component SSR:
    ./node_modules/next/dist/client/components/builtin/global-error.js [Client Component SSR]
    ./node_modules/next/dist/client/components/builtin/global-error.js [Server Component]

  Client Component Browser:
    ./node_modules/next/dist/client/components/builtin/global-error.js
    ./node_modules/next/dist/client/components/app-router.js
    ./node_modules/next/dist/client/app-index.js
    ./node_modules/next/dist/client/app-next-turbopack.js

https://nextjs.org/docs/messages/module-not-found


./node_modules/next/dist/client/components/errors/root-error-boundary.js:12:34
Module not found: Can't resolve '@swc/helpers/_/_interop_require_default'
Import map: aliased to module '@swc/helpers' with subpath '/_/_interop_require_default' inside of 
[project]/node_modules/next


Import trace:
  Client Component Browser:
    ./node_modules/next/dist/client/components/errors/root-error-boundary.js
    ./node_modules/next/dist/client/components/app-router.js
    ./node_modules/next/dist/client/app-index.js
    ./node_modules/next/dist/client/app-next-turbopack.js

https://nextjs.org/docs/messages/module-not-found


./node_modules/next/dist/client/components/layout-router.js:27:34
Module not found: Can't resolve '@swc/helpers/_/_interop_require_default'
Import map: aliased to module '@swc/helpers' with subpath '/_/_interop_require_default' inside of 
[project]/node_modules/next


Import trace:
  Client Component Browser:
    ./node_modules/next/dist/client/components/layout-router.js [Client Component Browser]
    ./node_modules/next/dist/esm/client/components/layout-router.js [Server Component]
    ./node_modules/next/dist/esm/server/app-render/entry-base.js [Server Component]

https://nextjs.org/docs/messages/module-not-found


./node_modules/next/dist/client/index.js:36:34
Module not found: Can't resolve '@swc/helpers/_/_interop_require_default'
Import map: aliased to module '@swc/helpers' with subpath '/_/_interop_require_default' inside of 
[project]/node_modules/next


Import trace:
  Browser:
    ./node_modules/next/dist/client/index.js
    ./node_modules/next/dist/client/next-turbopack.js

https://nextjs.org/docs/messages/module-not-found


./node_modules/next/dist/client/page-loader.js:11:34
Module not found: Can't resolve '@swc/helpers/_/_interop_require_default'
Import map: aliased to module '@swc/helpers' with subpath '/_/_interop_require_default' inside of 
[project]/node_modules/next


Import trace:
  Browser:
    ./node_modules/next/dist/client/page-loader.js
    ./node_modules/next/dist/client/index.js
    ./node_modules/next/dist/client/next-turbopack.js

https://nextjs.org/docs/messages/module-not-found


./node_modules/next/dist/client/react-client-callbacks/error-boundary-callbacks.js:24:34
Module not found: Can't resolve '@swc/helpers/_/_interop_require_default'
Import map: aliased to module '@swc/helpers' with subpath '/_/_interop_require_default' inside of 
[project]/node_modules/next


Import trace:
  Client Component Browser:
    ./node_modules/next/dist/client/react-client-callbacks/error-boundary-callbacks.js
    ./node_modules/next/dist/client/app-index.js
    ./node_modules/next/dist/client/app-next-turbopack.js

https://nextjs.org/docs/messages/module-not-found


./node_modules/next/dist/client/react-client-callbacks/on-recoverable-error.js:24:34
Module not found: Can't resolve '@swc/helpers/_/_interop_require_default'
Import map: aliased to module '@swc/helpers' with subpath '/_/_interop_require_default' inside of 
[project]/node_modules/next


Import traces:
  Client Component Browser:
    ./node_modules/next/dist/client/react-client-callbacks/on-recoverable-error.js
    ./node_modules/next/dist/client/app-next-turbopack.js

  Browser:
    ./node_modules/next/dist/client/react-client-callbacks/on-recoverable-error.js
    ./node_modules/next/dist/client/index.js
    ./node_modules/next/dist/client/next-turbopack.js

https://nextjs.org/docs/messages/module-not-found


./node_modules/next/dist/client/route-announcer.js:23:34
Module not found: Can't resolve '@swc/helpers/_/_interop_require_default'
Import map: aliased to module '@swc/helpers' with subpath '/_/_interop_require_default' inside of 
[project]/node_modules/next


Import trace:
  Browser:
    ./node_modules/next/dist/client/route-announcer.js
    ./node_modules/next/dist/client/index.js
    ./node_modules/next/dist/client/next-turbopack.js

https://nextjs.org/docs/messages/module-not-found


./node_modules/next/dist/client/route-loader.js:31:34
Module not found: Can't resolve '@swc/helpers/_/_interop_require_default'
Import map: aliased to module '@swc/helpers' with subpath '/_/_interop_require_default' inside of 
[project]/node_modules/next


Import trace:
  Browser:
    ./node_modules/next/dist/client/route-loader.js
    ./node_modules/next/dist/client/page-loader.js
    ./node_modules/next/dist/client/index.js
    ./node_modules/next/dist/client/next-turbopack.js

https://nextjs.org/docs/messages/module-not-found


./node_modules/next/dist/client/router.js:40:34
Module not found: Can't resolve '@swc/helpers/_/_interop_require_default'
Import map: aliased to module '@swc/helpers' with subpath '/_/_interop_require_default' inside of 
[project]/node_modules/next


Import trace:
  Browser:
    ./node_modules/next/dist/client/router.js
    ./node_modules/next/dist/client/index.js
    ./node_modules/next/dist/client/next-turbopack.js

https://nextjs.org/docs/messages/module-not-found


./node_modules/next/dist/client/script.js:28:34
Module not found: Can't resolve '@swc/helpers/_/_interop_require_default'
Import map: aliased to module '@swc/helpers' with subpath '/_/_interop_require_default' inside of 
[project]/node_modules/next


Import trace:
  Browser:
    ./node_modules/next/dist/client/script.js
    ./node_modules/next/dist/client/index.js
    ./node_modules/next/dist/client/next-turbopack.js

https://nextjs.org/docs/messages/module-not-found


./node_modules/next/dist/client/tracing/tracer.js:11:34
Module not found: Can't resolve '@swc/helpers/_/_interop_require_default'
Import map: aliased to module '@swc/helpers' with subpath '/_/_interop_require_default' inside of 
[project]/node_modules/next


Import trace:
  Browser:
    ./node_modules/next/dist/client/tracing/tracer.js
    ./node_modules/next/dist/client/index.js
    ./node_modules/next/dist/client/next-turbopack.js

https://nextjs.org/docs/messages/module-not-found


./node_modules/next/dist/client/with-router.js:11:34
Module not found: Can't resolve '@swc/helpers/_/_interop_require_default'
Import map: aliased to module '@swc/helpers' with subpath '/_/_interop_require_default' inside of 
[project]/node_modules/next


Import trace:
  Browser:
    ./node_modules/next/dist/client/with-router.js
    ./node_modules/next/dist/client/router.js
    ./node_modules/next/dist/client/index.js
    ./node_modules/next/dist/client/next-turbopack.js

https://nextjs.org/docs/messages/module-not-found


./node_modules/next/dist/pages/_app.js:11:34
Module not found: Can't resolve '@swc/helpers/_/_interop_require_default'
Import map: aliased to module '@swc/helpers' with subpath '/_/_interop_require_default' inside of 
[project]/node_modules/next


Import trace:
  Browser:
    ./node_modules/next/dist/pages/_app.js
    ./node_modules/next/dist/client/index.js
    ./node_modules/next/dist/client/next-turbopack.js

https://nextjs.org/docs/messages/module-not-found


./node_modules/next/dist/pages/_error.js:13:34
Module not found: Can't resolve '@swc/helpers/_/_interop_require_default'
Import map: aliased to module '@swc/helpers' with subpath '/_/_interop_require_default' inside of 
[project]/node_modules/next


Import trace:
  Browser:
    ./node_modules/next/dist/pages/_error.js
    ./node_modules/next/dist/client/index.js
    ./node_modules/next/dist/client/next-turbopack.js

https://nextjs.org/docs/messages/module-not-found


./node_modules/next/dist/shared/lib/app-dynamic.js:11:34
Module not found: Can't resolve '@swc/helpers/_/_interop_require_default'
Import map: aliased to module '@swc/helpers' with subpath '/_/_interop_require_default' inside of 
[project]/node_modules/next


Import traces:
  Client Component Browser:
    ./node_modules/next/dist/shared/lib/app-dynamic.js [Client Component Browser]
    ./src/components/bot/DynamicBotWrapper.tsx [Client Component Browser]
    ./src/components/bot/DynamicBotWrapper.tsx [Server Component]
    ./src/app/layout.tsx [Server Component]

  Client Component SSR:
    ./node_modules/next/dist/shared/lib/app-dynamic.js [Client Component SSR]
    ./src/components/bot/DynamicBotWrapper.tsx [Client Component SSR]
    ./src/components/bot/DynamicBotWrapper.tsx [Server Component]
    ./src/app/layout.tsx [Server Component]

https://nextjs.org/docs/messages/module-not-found


./node_modules/next/dist/shared/lib/app-router-context.shared-runtime.js:36:34
Module not found: Can't resolve '@swc/helpers/_/_interop_require_default'
Import map: aliased to module '@swc/helpers' with subpath '/_/_interop_require_default' inside of 
[project]/node_modules/next


Import traces:
  Browser:
    ./node_modules/next/dist/shared/lib/app-router-context.shared-runtime.js
    ./node_modules/next/dist/client/index.js
    ./node_modules/next/dist/client/next-turbopack.js

  Client Component Browser:
    ./node_modules/next/dist/shared/lib/app-router-context.shared-runtime.js
    ./node_modules/next/dist/client/app-index.js
    ./node_modules/next/dist/client/app-next-turbopack.js

https://nextjs.org/docs/messages/module-not-found


./node_modules/next/dist/shared/lib/constants.js:291:34
Module not found: Can't resolve '@swc/helpers/_/_interop_require_default'
Import map: aliased to module '@swc/helpers' with subpath '/_/_interop_require_default' inside of 
[project]/node_modules/next


Import trace:
  Browser:
    ./node_modules/next/dist/shared/lib/constants.js
    ./node_modules/next/dist/client/page-loader.js
    ./node_modules/next/dist/client/index.js
    ./node_modules/next/dist/client/next-turbopack.js

https://nextjs.org/docs/messages/module-not-found


./node_modules/next/dist/shared/lib/head-manager-context.shared-runtime.js:11:34
Module not found: Can't resolve '@swc/helpers/_/_interop_require_default'
Import map: aliased to module '@swc/helpers' with subpath '/_/_interop_require_default' inside of 
[project]/node_modules/next


Import traces:
  Browser:
    ./node_modules/next/dist/shared/lib/head-manager-context.shared-runtime.js
    ./node_modules/next/dist/client/index.js
    ./node_modules/next/dist/client/next-turbopack.js

  Client Component Browser:
    ./node_modules/next/dist/shared/lib/head-manager-context.shared-runtime.js
    ./node_modules/next/dist/client/app-index.js
    ./node_modules/next/dist/client/app-next-turbopack.js

https://nextjs.org/docs/messages/module-not-found


./node_modules/next/dist/shared/lib/head.js:24:34
Module not found: Can't resolve '@swc/helpers/_/_interop_require_default'
Import map: aliased to module '@swc/helpers' with subpath '/_/_interop_require_default' inside of 
[project]/node_modules/next


Import trace:
  Browser:
    ./node_modules/next/dist/shared/lib/head.js
    ./node_modules/next/dist/pages/_error.js
    ./node_modules/next/dist/client/index.js
    ./node_modules/next/dist/client/next-turbopack.js

https://nextjs.org/docs/messages/module-not-found


./node_modules/next/dist/shared/lib/image-config-context.shared-runtime.js:11:34
Module not found: Can't resolve '@swc/helpers/_/_interop_require_default'
Import map: aliased to module '@swc/helpers' with subpath '/_/_interop_require_default' inside of 
[project]/node_modules/next


Import trace:
  Browser:
    ./node_modules/next/dist/shared/lib/image-config-context.shared-runtime.js
    ./node_modules/next/dist/client/index.js
    ./node_modules/next/dist/client/next-turbopack.js

https://nextjs.org/docs/messages/module-not-found


./node_modules/next/dist/shared/lib/router-context.shared-runtime.js:11:34
Module not found: Can't resolve '@swc/helpers/_/_interop_require_default'
Import map: aliased to module '@swc/helpers' with subpath '/_/_interop_require_default' inside of 
[project]/node_modules/next


Import trace:
  Browser:
    ./node_modules/next/dist/shared/lib/router-context.shared-runtime.js
    ./node_modules/next/dist/client/index.js
    ./node_modules/next/dist/client/next-turbopack.js

https://nextjs.org/docs/messages/module-not-found


./node_modules/next/dist/shared/lib/router/router.js:27:34
Module not found: Can't resolve '@swc/helpers/_/_interop_require_default'
Import map: aliased to module '@swc/helpers' with subpath '/_/_interop_require_default' inside of 
[project]/node_modules/next


Import trace:
  Browser:
    ./node_modules/next/dist/shared/lib/router/router.js
    ./node_modules/next/dist/client/router.js
    ./node_modules/next/dist/client/index.js
    ./node_modules/next/dist/client/next-turbopack.js

https://nextjs.org/docs/messages/module-not-found


./node_modules/next/dist/client/app-dir/link.js:33:35
Module not found: Can't resolve '@swc/helpers/_/_interop_require_wildcard'
Import map: aliased to module '@swc/helpers' with subpath '/_/_interop_require_wildcard' inside of 
[project]/node_modules/next


Import traces:
  Client Component Browser:
    ./node_modules/next/dist/client/app-dir/link.js [Client Component Browser]
    ./src/app/quote-cart/page.tsx [Client Component Browser]
    ./src/app/quote-cart/page.tsx [Server Component]

  Client Component SSR:
    ./node_modules/next/dist/client/app-dir/link.js [Client Component SSR]
    ./src/app/quote-cart/page.tsx [Client Component SSR]
    ./src/app/quote-cart/page.tsx [Server Component]

  Server Component:
    ./node_modules/next/dist/client/app-dir/link.js
    ./node_modules/next/dist/client/app-dir/link.react-server.js
    ./src/app/page.tsx

https://nextjs.org/docs/messages/module-not-found


./node_modules/next/dist/client/app-dir/link.react-server.js:23:35
Module not found: Can't resolve '@swc/helpers/_/_interop_require_wildcard'
Import map: aliased to module '@swc/helpers' with subpath '/_/_interop_require_wildcard' inside of 
[project]/node_modules/next


Import trace:
  Server Component:
    ./node_modules/next/dist/client/app-dir/link.react-server.js
    ./src/app/page.tsx

https://nextjs.org/docs/messages/module-not-found


./node_modules/next/dist/client/components/app-router.js:12:35
Module not found: Can't resolve '@swc/helpers/_/_interop_require_wildcard'
Import map: aliased to module '@swc/helpers' with subpath '/_/_interop_require_wildcard' inside of 
[project]/node_modules/next


Import trace:
  Client Component Browser:
    ./node_modules/next/dist/client/components/app-router.js
    ./node_modules/next/dist/client/app-index.js
    ./node_modules/next/dist/client/app-next-turbopack.js

https://nextjs.org/docs/messages/module-not-found


./node_modules/next/dist/client/components/error-boundary.js:24:35
Module not found: Can't resolve '@swc/helpers/_/_interop_require_wildcard'
Import map: aliased to module '@swc/helpers' with subpath '/_/_interop_require_wildcard' inside of 
[project]/node_modules/next


Import trace:
  Client Component Browser:
    ./node_modules/next/dist/client/components/error-boundary.js
    ./node_modules/next/dist/client/react-client-callbacks/error-boundary-callbacks.js
    ./node_modules/next/dist/client/app-index.js
    ./node_modules/next/dist/client/app-next-turbopack.js

https://nextjs.org/docs/messages/module-not-found


./node_modules/next/dist/client/components/http-access-fallback/error-boundary.js:12:35
Module not found: Can't resolve '@swc/helpers/_/_interop_require_wildcard'
Import map: aliased to module '@swc/helpers' with subpath '/_/_interop_require_wildcard' inside of 
[project]/node_modules/next


Import trace:
  Client Component Browser:
    ./node_modules/next/dist/client/components/http-access-fallback/error-boundary.js [Client Component Browser]
    ./node_modules/next/dist/esm/client/components/http-access-fallback/error-boundary.js [Server Component]
    ./node_modules/next/dist/esm/server/app-render/entry-base.js [Server Component]

https://nextjs.org/docs/messages/module-not-found


./node_modules/next/dist/client/components/layout-router.js:28:35
Module not found: Can't resolve '@swc/helpers/_/_interop_require_wildcard'
Import map: aliased to module '@swc/helpers' with subpath '/_/_interop_require_wildcard' inside of 
[project]/node_modules/next


Import trace:
  Client Component Browser:
    ./node_modules/next/dist/client/components/layout-router.js [Client Component Browser]
    ./node_modules/next/dist/esm/client/components/layout-router.js [Server Component]
    ./node_modules/next/dist/esm/server/app-render/entry-base.js [Server Component]

https://nextjs.org/docs/messages/module-not-found


./node_modules/next/dist/client/components/navigation.js:85:35
Module not found: Can't resolve '@swc/helpers/_/_interop_require_wildcard'
Import map: aliased to module '@swc/helpers' with subpath '/_/_interop_require_wildcard' inside of 
[project]/node_modules/next


Import traces:
  Client Component Browser:
    ./node_modules/next/dist/client/components/navigation.js
    ./node_modules/next/dist/client/components/redirect-boundary.js
    ./node_modules/next/dist/client/components/app-router.js
    ./node_modules/next/dist/client/app-index.js
    ./node_modules/next/dist/client/app-next-turbopack.js

  Client Component SSR:
    ./node_modules/next/dist/client/components/navigation.js [Client Component SSR]
    ./node_modules/next/navigation.js [Client Component SSR]
    ./src/components/draw/SmartdrawPlanner.tsx [Client Component SSR]
    ./src/components/draw/SmartdrawPlanner.tsx [Server Component]
    ./src/app/planner/page.tsx [Server Component]

https://nextjs.org/docs/messages/module-not-found


./node_modules/next/dist/client/components/redirect-boundary.js:24:35
Module not found: Can't resolve '@swc/helpers/_/_interop_require_wildcard'
Import map: aliased to module '@swc/helpers' with subpath '/_/_interop_require_wildcard' inside of 
[project]/node_modules/next


Import trace:
  Client Component Browser:
    ./node_modules/next/dist/client/components/redirect-boundary.js
    ./node_modules/next/dist/client/components/app-router.js
    ./node_modules/next/dist/client/app-index.js
    ./node_modules/next/dist/client/app-next-turbopack.js

https://nextjs.org/docs/messages/module-not-found


./node_modules/next/dist/client/components/render-from-template-context.js:12:35
Module not found: Can't resolve '@swc/helpers/_/_interop_require_wildcard'
Import map: aliased to module '@swc/helpers' with subpath '/_/_interop_require_wildcard' inside of 
[project]/node_modules/next


Import trace:
  Client Component Browser:
    ./node_modules/next/dist/client/components/render-from-template-context.js [Client Component Browser]
    ./node_modules/next/dist/esm/client/components/render-from-template-context.js [Server Component]
    ./node_modules/next/dist/esm/server/app-render/entry-base.js [Server Component]

https://nextjs.org/docs/messages/module-not-found


./node_modules/next/dist/client/components/use-action-queue.js:31:35
Module not found: Can't resolve '@swc/helpers/_/_interop_require_wildcard'
Import map: aliased to module '@swc/helpers' with subpath '/_/_interop_require_wildcard' inside of 
[project]/node_modules/next


Import traces:
  Client Component Browser:
    ./node_modules/next/dist/client/components/use-action-queue.js
    ./node_modules/next/dist/client/components/app-router.js
    ./node_modules/next/dist/client/app-index.js
    ./node_modules/next/dist/client/app-next-turbopack.js

  Client Component SSR:
    ./node_modules/next/dist/client/components/use-action-queue.js [Client Component SSR]
    ./node_modules/next/dist/client/components/segment-cache/navigation-testing-lock.js [Client Component SSR]
    ./node_modules/next/dist/client/components/segment-cache/navigation.js [Client Component SSR]
    ./node_modules/next/dist/client/components/segment-cache/cache.js [Client Component SSR]
    ./node_modules/next/dist/client/components/segment-cache/scheduler.js [Client Component SSR]
    ./node_modules/next/dist/client/components/links.js [Client Component SSR]
    ./node_modules/next/dist/client/app-dir/link.js [Client Component SSR]
    ./src/app/quote-cart/page.tsx [Client Component SSR]
    ./src/app/quote-cart/page.tsx [Server Component]

https://nextjs.org/docs/messages/module-not-found


./node_modules/next/dist/client/script.js:29:35
Module not found: Can't resolve '@swc/helpers/_/_interop_require_wildcard'
Import map: aliased to module '@swc/helpers' with subpath '/_/_interop_require_wildcard' inside of 
[project]/node_modules/next


Import trace:
  Browser:
    ./node_modules/next/dist/client/script.js
    ./node_modules/next/dist/client/index.js
    ./node_modules/next/dist/client/next-turbopack.js

https://nextjs.org/docs/messages/module-not-found


./node_modules/next/dist/shared/lib/head.js:25:35
Module not found: Can't resolve '@swc/helpers/_/_interop_require_wildcard'
Import map: aliased to module '@swc/helpers' with subpath '/_/_interop_require_wildcard' inside of 
[project]/node_modules/next


Import trace:
  Browser:
    ./node_modules/next/dist/shared/lib/head.js
    ./node_modules/next/dist/pages/_error.js
    ./node_modules/next/dist/client/index.js
    ./node_modules/next/dist/client/next-turbopack.js

https://nextjs.org/docs/messages/module-not-found


./node_modules/next/dist/shared/lib/router/adapters.js:31:35
Module not found: Can't resolve '@swc/helpers/_/_interop_require_wildcard'
Import map: aliased to module '@swc/helpers' with subpath '/_/_interop_require_wildcard' inside of 
[project]/node_modules/next


Import trace:
  Browser:
    ./node_modules/next/dist/shared/lib/router/adapters.js
    ./node_modules/next/dist/client/index.js
    ./node_modules/next/dist/client/next-turbopack.js

https://nextjs.org/docs/messages/module-not-found


./node_modules/next/dist/shared/lib/router/router.js:28:35
Module not found: Can't resolve '@swc/helpers/_/_interop_require_wildcard'
Import map: aliased to module '@swc/helpers' with subpath '/_/_interop_require_wildcard' inside of 
[project]/node_modules/next


Import trace:
  Browser:
    ./node_modules/next/dist/shared/lib/router/router.js
    ./node_modules/next/dist/client/router.js
    ./node_modules/next/dist/client/index.js
    ./node_modules/next/dist/client/next-turbopack.js

https://nextjs.org/docs/messages/module-not-found


./node_modules/next/dist/shared/lib/router/utils/format-url.js:48:35
Module not found: Can't resolve '@swc/helpers/_/_interop_require_wildcard'
Import map: aliased to module '@swc/helpers' with subpath '/_/_interop_require_wildcard' inside of 
[project]/node_modules/next


Import traces:
  Server Component:
    ./node_modules/next/dist/shared/lib/router/utils/format-url.js
    ./node_modules/next/dist/server/server-utils.js
    ./node_modules/next/dist/lib/metadata/get-metadata-route.js

  Client Component Browser:
    ./node_modules/next/dist/shared/lib/router/utils/format-url.js [Client Component Browser]
    ./node_modules/next/dist/client/app-dir/link.js [Client Component Browser]
    ./src/app/quote-cart/page.tsx [Client Component Browser]
    ./src/app/quote-cart/page.tsx [Server Component]

  Client Component SSR:
    ./node_modules/next/dist/shared/lib/router/utils/format-url.js [Client Component SSR]
    ./node_modules/next/dist/client/app-dir/link.js [Client Component SSR]
    ./src/app/quote-cart/page.tsx [Client Component SSR]
    ./src/app/quote-cart/page.tsx [Server Component]

  Browser:
    ./node_modules/next/dist/shared/lib/router/utils/format-url.js
    ./node_modules/next/dist/shared/lib/router/router.js
    ./node_modules/next/dist/client/router.js
    ./node_modules/next/dist/client/index.js
    ./node_modules/next/dist/client/next-turbopack.js

https://nextjs.org/docs/messages/module-not-found


./node_modules/next/dist/shared/lib/server-inserted-html.shared-runtime.js:24:35
Module not found: Can't resolve '@swc/helpers/_/_interop_require_wildcard'
Import map: aliased to module '@swc/helpers' with subpath '/_/_interop_require_wildcard' inside of 
[project]/node_modules/next


Import trace:
  Client Component Browser:
    ./node_modules/next/dist/shared/lib/server-inserted-html.shared-runtime.js
    ./node_modules/next/dist/client/components/navigation.js
    ./node_modules/next/dist/client/components/redirect-boundary.js
    ./node_modules/next/dist/client/components/app-router.js
    ./node_modules/next/dist/client/app-index.js
    ./node_modules/next/dist/client/app-next-turbopack.js

https://nextjs.org/docs/messages/module-not-found


./src/features/planner/lib/editorTools.ts:3:1
Module not found: Can't resolve '@tldraw/tlschema'
  [90m 1 |[0m [32m"use client"[0m;
  [90m 2 |[0m
[31m[1m>[0m [90m 3 |[0m [36mimport[0m {
  [90m   |[0m [31m[1m^^^^^^^[0m
[31m[1m>[0m [90m 4 |[0m   [33mDefaultColorStyle[0m,
  [90m   |[0m [31m[1m^^^^^^^^^^^^^^^^^^^^[0m
[31m[1m>[0m [90m 5 |[0m   [33mDefaultDashStyle[0m,
  [90m   |[0m [31m[1m^^^^^^^^^^^^^^^^^^^[0m
[31m[1m>[0m [90m 6 |[0m   [33mDefaultFillStyle[0m,
  [90m   |[0m [31m[1m^^^^^^^^^^^^^^^^^^^[0m
[31m[1m>[0m [90m 7 |[0m   [33mDefaultSizeStyle[0m,
  [90m   |[0m [31m[1m^^^^^^^^^^^^^^^^^^^[0m
[31m[1m>[0m [90m 8 |[0m   [33mGeoShapeGeoStyle[0m,
  [90m   |[0m [31m[1m^^^^^^^^^^^^^^^^^^^[0m
[31m[1m>[0m [90m 9 |[0m } [36mfrom[0m [32m"@tldraw/tlschema"[0m;
  [90m   |[0m [31m[1m^^^^^^^^^^^^^^^^^^^^^^^^^^[0m
  [90m10 |[0m [36mimport[0m [36mtype[0m { [33mEditor[0m } [36mfrom[0m [32m"tldraw"[0m;
  [90m11 |[0m
  [90m12 |[0m [36mexport[0m [36mfunction[0m configureWallTool(editor: [33mEditor[0m) {



Import traces:
  Client Component Browser:
    ./src/features/planner/lib/editorTools.ts [Client Component Browser]
    ./src/components/draw/SmartdrawPlanner.tsx [Client Component Browser]
    ./src/components/draw/SmartdrawPlanner.tsx [Server Component]
    ./src/app/planner-saved/[id]/page.tsx [Server Component]

  Client Component SSR:
    ./src/features/planner/lib/editorTools.ts [Client Component SSR]
    ./src/components/draw/SmartdrawPlanner.tsx [Client Component SSR]
    ./src/components/draw/SmartdrawPlanner.tsx [Server Component]
    ./src/app/planner-saved/[id]/page.tsx [Server Component]

https://nextjs.org/docs/messages/module-not-found


./src/components/draw/SmartdrawPlanner.tsx:4:1
Module not found: Can't resolve '@tldraw/utils'
  [90m2 |[0m
  [90m3 |[0m [36mimport[0m [33mReact[0m, { useCallback, useEffect, useMemo, useRef, useState } [36mfrom[0m 
[32m"react"[0m;
[31m[1m>[0m [90m4 |[0m [36mimport[0m { getIndices } [36mfrom[0m [32m"@tldraw/utils"[0m;
  [90m  |[0m [31m[1m^^^^^^^^^^^^^^^^^^^^^^^^^^^^^^^^^^^^^^^^^^^[0m
  [90m5 |[0m [36mimport[0m { [33mAssetRecordType[0m, createShapeId, [33mEditor[0m, [36mtype[0m 
[33mTLGeoShape[0m, [36mtype[0m [33mTLLineShape[0m } [36mfrom[0m [32m"...[0m
  [90m6 |[0m [36mimport[0m [32m"tldraw/tldraw.css"[0m;
  [90m7 |[0m [36mimport[0m { useRouter } [36mfrom[0m [32m"next/navigation"[0m;



Import trace:
  Server Component:
    ./src/components/draw/SmartdrawPlanner.tsx
    ./src/app/planner-saved/[id]/page.tsx

https://nextjs.org/docs/messages/module-not-found


./src/components/draw/WorkspacePanel.tsx:3:1
Module not found: Can't resolve 'framer-motion'
  [90m1 |[0m [32m"use client"[0m;
  [90m2 |[0m
[31m[1m>[0m [90m3 |[0m [36mimport[0m { motion, useDragControls } [36mfrom[0m [32m"framer-motion"[0m;
  [90m  |[0m [31m[1m^^^^^^^^^^^^^^^^^^^^^^^^^^^^^^^^^^^^^^^^^^^^^^^^^^^^^^^^[0m
  [90m4 |[0m [36mimport[0m [36mtype[0m { [33mPointerEvent[0m [36mas[0m [33mReactPointerEvent[0m, 
[33mReactNode[0m } [36mfrom[0m [32m"react"[0m;
  [90m5 |[0m [36mimport[0m { useState } [36mfrom[0m [32m"react"[0m;
  [90m6 |[0m



Import traces:
  Client Component Browser:
    ./src/components/draw/WorkspacePanel.tsx [Client Component Browser]
    ./src/features/planner/ui/PlannerDesktopPanels.tsx [Client Component Browser]
    ./src/components/draw/SmartdrawPlanner.tsx [Client Component Browser]
    ./src/components/draw/SmartdrawPlanner.tsx [Server Component]
    ./src/app/planner-saved/[id]/page.tsx [Server Component]

  Client Component SSR:
    ./src/components/draw/WorkspacePanel.tsx [Client Component SSR]
    ./src/features/planner/ui/PlannerDesktopPanels.tsx [Client Component SSR]
    ./src/components/draw/SmartdrawPlanner.tsx [Client Component SSR]
    ./src/components/draw/SmartdrawPlanner.tsx [Server Component]
    ./src/app/planner-saved/[id]/page.tsx [Server Component]

https://nextjs.org/docs/messages/module-not-found


./src/app/api/nav-search/route.ts:3:1
Module not found: Can't resolve 'fuse.js'
  [90m1 |[0m [36mimport[0m { [33mNextRequest[0m, [33mNextResponse[0m } [36mfrom[0m [32m"next/server"[0m;
  [90m2 |[0m [36mimport[0m [33mOpenAI[0m [36mfrom[0m [32m"openai"[0m;
[31m[1m>[0m [90m3 |[0m [36mimport[0m [33mFuse[0m [36mfrom[0m [32m"fuse.js"[0m;
  [90m  |[0m [31m[1m^^^^^^^^^^^^^^^^^^^^^^^^^^^[0m
  [90m4 |[0m [36mimport[0m { getCatalog } [36mfrom[0m [32m"@/lib/getProducts"[0m;
  [90m5 |[0m [36mimport[0m { buildRequestedCategoryCatalog } [36mfrom[0m [32m"@/lib/catalogCategories"[0m;
  [90m6 |[0m [36mimport[0m { rateLimit } [36mfrom[0m [32m"@/lib/rateLimit"[0m;



https://nextjs.org/docs/messages/module-not-found


./src/app/api/products/filter/route.ts:2:1
Module not found: Can't resolve 'fuse.js'
  [90m1 |[0m [36mimport[0m { [33mNextRequest[0m, [33mNextResponse[0m } [36mfrom[0m [32m"next/server"[0m;
[31m[1m>[0m [90m2 |[0m [36mimport[0m [33mFuse[0m [36mfrom[0m [32m"fuse.js"[0m;
  [90m  |[0m [31m[1m^^^^^^^^^^^^^^^^^^^^^^^^^^^[0m
  [90m3 |[0m [36mimport[0m { buildRequestedCategoryCatalog } [36mfrom[0m [32m"@/lib/catalogCategories"[0m;
  [90m4 |[0m [36mimport[0m { getCatalog, [36mtype[0m [33mCompatProduct[0m } [36mfrom[0m 
[32m"@/lib/getProducts"[0m;
  [90m5 |[0m [36mimport[0m { hasVerifiedHeadrest } [36mfrom[0m [32m"@/lib/productTraits"[0m;



https://nextjs.org/docs/messages/module-not-found


./src/app/quote-cart/page.tsx:4:1
Module not found: Can't resolve 'lucide-react'
  [90m2 |[0m
  [90m3 |[0m [36mimport[0m [33mLink[0m [36mfrom[0m [32m"next/link"[0m;
[31m[1m>[0m [90m4 |[0m [36mimport[0m { [33mMinus[0m, [33mPlus[0m, [33mTrash2[0m } [36mfrom[0m 
[32m"lucide-react"[0m;
  [90m  |[0m [31m[1m^^^^^^^^^^^^^^^^^^^^^^^^^^^^^^^^^^^^^^^^^^^^^^^^^^^[0m
  [90m5 |[0m
  [90m6 |[0m [36mimport[0m { useQuoteCart } [36mfrom[0m [32m"@/lib/store/quoteCart"[0m;
  [90m7 |[0m



Import traces:
  Client Component Browser:
    ./src/app/quote-cart/page.tsx [Client Component Browser]
    ./src/app/quote-cart/page.tsx [Server Component]

  Client Component SSR:
    ./src/app/quote-cart/page.tsx [Client Component SSR]
    ./src/app/quote-cart/page.tsx [Server Component]

https://nextjs.org/docs/messages/module-not-found


./src/app/quote-cart/page.tsx:3:28
Module not found: Can't resolve 'lucide-react'
  [90m1 |[0m ∩╗┐[32m"use client"[0m;
  [90m2 |[0m
[31m[1m>[0m [90m3 |[0m [36mimport[0m [33mLink[0m [36mfrom[0m [32m"next/link"[0m;
  [90m  |[0m                            [31m[1m^[0m
[31m[1m>[0m [90m4 |[0m [36mimport[0m { [33mMinus[0m, [33mPlus[0m, [33mTrash2[0m } [36mfrom[0m 
[32m"lucide-react"[0m;
  [90m  |[0m [31m[1m^^^^^^^^^^^^^^^^^^^^^^^^^^^^^^^^^^^^^^^^^^^^^^^^[0m
  [90m5 |[0m
  [90m6 |[0m [36mimport[0m { useQuoteCart } [36mfrom[0m [32m"@/lib/store/quoteCart"[0m;
  [90m7 |[0m



Import traces:
  Client Component Browser:
    ./src/app/quote-cart/page.tsx [Client Component Browser]
    ./src/app/quote-cart/page.tsx [Server Component]

  Client Component SSR:
    ./src/app/quote-cart/page.tsx [Client Component SSR]
    ./src/app/quote-cart/page.tsx [Server Component]

https://nextjs.org/docs/messages/module-not-found


./src/components/bot/UnifiedAssistant.tsx:6:1
Module not found: Can't resolve 'lucide-react'
  [90m 4 |[0m [36mimport[0m [33mLink[0m [36mfrom[0m [32m"next/link"[0m;
  [90m 5 |[0m [36mimport[0m { usePathname } [36mfrom[0m [32m"next/navigation"[0m;
[31m[1m>[0m [90m 6 |[0m [36mimport[0m {
  [90m   |[0m [31m[1m^^^^^^^[0m
[31m[1m>[0m [90m 7 |[0m   [33mArrowRight[0m,
  [90m   |[0m [31m[1m^^^^^^^^^^^^^[0m
[31m[1m>[0m [90m 8 |[0m   [33mBot[0m,
  [90m   |[0m [31m[1m^^^^^^[0m
[31m[1m>[0m [90m 9 |[0m   [33mCheckCircle2[0m,
  [90m   |[0m [31m[1m^^^^^^^^^^^^^^^[0m
[31m[1m>[0m [90m10 |[0m   [33mLoader2[0m,
  [90m   |[0m [31m[1m^^^^^^^^^^[0m
[31m[1m>[0m [90m11 |[0m   [33mMessageSquareText[0m,
  [90m   |[0m [31m[1m^^^^^^^^^^^^^^^^^^^^[0m
[31m[1m>[0m [90m12 |[0m   [33mSend[0m,
  [90m   |[0m [31m[1m^^^^^^^[0m
[31m[1m>[0m [90m13 |[0m   [33mSparkles[0m,
  [90m   |[0m [31m[1m^^^^^^^^^^^[0m
[31m[1m>[0m [90m14 |[0m   [33mWand2[0m,
  [90m   |[0m [31m[1m^^^^^^^^[0m
[31m[1m>[0m [90m15 |[0m   [33mX[0m,
  [90m   |[0m [31m[1m^^^^[0m
[31m[1m>[0m [90m16 |[0m } [36mfrom[0m [32m"lucide-react"[0m;
  [90m   |[0m [31m[1m^^^^^^^^^^^^^^^^^^^^^^[0m
  [90m17 |[0m [36mimport[0m { hasConsentChoice } [36mfrom[0m [32m"@/lib/consent"[0m;
  [90m18 |[0m [36mimport[0m { sanitizeDisplayText } [36mfrom[0m [32m"@/lib/displayText"[0m;
  [90m19 |[0m [36mimport[0m { getCatalogProductHref } [36mfrom[0m [32m"@/lib/catalogCategories"[0m;



Import trace:
  Client Component Browser:
    ./src/components/bot/UnifiedAssistant.tsx [Client Component Browser]
    ./src/components/bot/DynamicBotWrapper.tsx [Client Component Browser]
    ./src/components/bot/DynamicBotWrapper.tsx [Server Component]
    ./src/app/layout.tsx [Server Component]

https://nextjs.org/docs/messages/module-not-found


./src/components/draw/AiCopilot.tsx:4:1
Module not found: Can't resolve 'lucide-react'
  [90m2 |[0m
  [90m3 |[0m [36mimport[0m [33mReact[0m [36mfrom[0m [32m"react"[0m;
[31m[1m>[0m [90m4 |[0m [36mimport[0m { [33mAlertTriangle[0m, [33mSparkles[0m, [33mWand2[0m, [33mX[0m } 
[36mfrom[0m [32m"lucide-react"[0m;
  [90m  |[0m [31m[1m^^^^^^^^^^^^^^^^^^^^^^^^^^^^^^^^^^^^^^^^^^^^^^^^^^^^^^^^^^^^^^^^^[0m
  [90m5 |[0m
  [90m6 |[0m [36mexport[0m [36minterface[0m [33mAiSuggestion[0m {
  [90m7 |[0m   [36mtype[0m: [32m"tip"[0m | [32m"warning"[0m | [32m"action"[0m;



Import traces:
  Client Component Browser:
    ./src/components/draw/AiCopilot.tsx [Client Component Browser]
    ./src/components/draw/SmartdrawPlanner.tsx [Client Component Browser]
    ./src/components/draw/SmartdrawPlanner.tsx [Server Component]
    ./src/app/planner-saved/[id]/page.tsx [Server Component]

  Client Component SSR:
    ./src/components/draw/AiCopilot.tsx [Client Component SSR]
    ./src/components/draw/SmartdrawPlanner.tsx [Client Component SSR]
    ./src/components/draw/SmartdrawPlanner.tsx [Server Component]
    ./src/app/planner-saved/[id]/page.tsx [Server Component]

https://nextjs.org/docs/messages/module-not-found


./src/components/draw/AiCopilot.tsx:3:25
Module not found: Can't resolve 'lucide-react'
  [90m1 |[0m ∩╗┐[32m"use client"[0m;
  [90m2 |[0m
[31m[1m>[0m [90m3 |[0m [36mimport[0m [33mReact[0m [36mfrom[0m [32m"react"[0m;
  [90m  |[0m                         [31m[1m^[0m
[31m[1m>[0m [90m4 |[0m [36mimport[0m { [33mAlertTriangle[0m, [33mSparkles[0m, [33mWand2[0m, [33mX[0m } 
[36mfrom[0m [32m"lucide-react"[0m;
  [90m  |[0m [31m[1m^^^^^^^^^^^^^^^^^^^^^^^^^^^^^^^^^^^^^^^^^^^^^^^^^^^^^^^^^^^^^^[0m
  [90m5 |[0m
  [90m6 |[0m [36mexport[0m [36minterface[0m [33mAiSuggestion[0m {
  [90m7 |[0m   [36mtype[0m: [32m"tip"[0m | [32m"warning"[0m | [32m"action"[0m;



Import traces:
  Client Component Browser:
    ./src/components/draw/AiCopilot.tsx [Client Component Browser]
    ./src/components/draw/SmartdrawPlanner.tsx [Client Component Browser]
    ./src/components/draw/SmartdrawPlanner.tsx [Server Component]
    ./src/app/planner-saved/[id]/page.tsx [Server Component]

  Client Component SSR:
    ./src/components/draw/AiCopilot.tsx [Client Component SSR]
    ./src/components/draw/SmartdrawPlanner.tsx [Client Component SSR]
    ./src/components/draw/SmartdrawPlanner.tsx [Server Component]
    ./src/app/planner-saved/[id]/page.tsx [Server Component]

https://nextjs.org/docs/messages/module-not-found


./src/components/draw/CatalogPanel.tsx:4:1
Module not found: Can't resolve 'lucide-react'
  [90m 2 |[0m
  [90m 3 |[0m [36mimport[0m [33mReact[0m, { useState } [36mfrom[0m [32m"react"[0m;
[31m[1m>[0m [90m 4 |[0m [36mimport[0m {
  [90m   |[0m [31m[1m^^^^^^^[0m
[31m[1m>[0m [90m 5 |[0m   [33mSearch[0m,
  [90m   |[0m [31m[1m^^^^^^^^^[0m
[31m[1m>[0m [90m 6 |[0m   [33mBox[0m,
  [90m   |[0m [31m[1m^^^^^^[0m
[31m[1m>[0m [90m 7 |[0m   [33mDoorOpen[0m,
  [90m   |[0m [31m[1m^^^^^^^^^^^[0m
[31m[1m>[0m [90m 8 |[0m   [33mPackage[0m,
  [90m   |[0m [31m[1m^^^^^^^^^^[0m
[31m[1m>[0m [90m 9 |[0m   [33mPenTool[0m,
  [90m   |[0m [31m[1m^^^^^^^^^^[0m
[31m[1m>[0m [90m10 |[0m   [33mChevronDown[0m,
  [90m   |[0m [31m[1m^^^^^^^^^^^^^^[0m
[31m[1m>[0m [90m11 |[0m   [33mChevronRight[0m,
  [90m   |[0m [31m[1m^^^^^^^^^^^^^^^[0m
[31m[1m>[0m [90m12 |[0m   [33mX[0m,
  [90m   |[0m [31m[1m^^^^[0m
[31m[1m>[0m [90m13 |[0m   [33mPin[0m,
  [90m   |[0m [31m[1m^^^^^^[0m
[31m[1m>[0m [90m14 |[0m   [33mPinOff[0m,
  [90m   |[0m [31m[1m^^^^^^^^^[0m
[31m[1m>[0m [90m15 |[0m   [33mBuilding2[0m,
  [90m   |[0m [31m[1m^^^^^^^^^^^^[0m
[31m[1m>[0m [90m16 |[0m   [33mSquare[0m,
  [90m   |[0m [31m[1m^^^^^^^^^[0m
[31m[1m>[0m [90m17 |[0m } [36mfrom[0m [32m"lucide-react"[0m;
  [90m   |[0m [31m[1m^^^^^^^^^^^^^^^^^^^^^^[0m
  [90m18 |[0m [36mimport[0m [36mtype[0m { [33mCatalogProduct[0m, [33mPlannerStep[0m, [33mRoomPreset[0m } 
[36mfrom[0m [32m"./types"[0m;
  [90m19 |[0m [36mimport[0m [36mtype[0m { [33mEditor[0m } [36mfrom[0m [32m"tldraw"[0m;
  [90m20 |[0m



Import traces:
  Client Component Browser:
    ./src/components/draw/CatalogPanel.tsx [Client Component Browser]
    ./src/features/planner/ui/PlannerMobilePanels.tsx [Client Component Browser]
    ./src/components/draw/SmartdrawPlanner.tsx [Client Component Browser]
    ./src/components/draw/SmartdrawPlanner.tsx [Server Component]
    ./src/app/planner-saved/[id]/page.tsx [Server Component]

  Client Component SSR:
    ./src/components/draw/CatalogPanel.tsx [Client Component SSR]
    ./src/features/planner/ui/PlannerMobilePanels.tsx [Client Component SSR]
    ./src/components/draw/SmartdrawPlanner.tsx [Client Component SSR]
    ./src/components/draw/SmartdrawPlanner.tsx [Server Component]
    ./src/app/planner-saved/[id]/page.tsx [Server Component]

https://nextjs.org/docs/messages/module-not-found


./src/components/draw/InspectorPanel.tsx:4:1
Module not found: Can't resolve 'lucide-react'
  [90m2 |[0m ...
  [90m3 |[0m ... [33mReact[0m [36mfrom[0m [32m"react"[0m;
[31m[1m>[0m [90m4 |[0m ... { [33mTag[0m, [33mSettings2[0m, [33mBox[0m, [33mFileText[0m, [33mMagnet[0m, 
[33mX[0m, [33mMousePointer2[0m, [33mPin[0m, [33mPinOff[0m } [36mfrom[0m [32m"lucide-r...[0m
  [90m  |[0m    
[31m[1m^^^^^^^^^^^^^^^^^^^^^^^^^^^^^^^^^^^^^^^^^^^^^^^^^^^^^^^^^^^^^^^^^^^^^^^^^^^^^^^^^^^^^^^^^^^[0m
  [90m5 |[0m ... [36mtype[0m { [33mBoqItem[0m, [33mPlannerStep[0m } [36mfrom[0m [32m"./types"[0m;
  [90m6 |[0m ...
  [90m7 |[0m ...[36mace[0m [33mInspectorPanelProps[0m {



Import traces:
  Client Component Browser:
    ./src/components/draw/InspectorPanel.tsx [Client Component Browser]
    ./src/features/planner/ui/PlannerMobilePanels.tsx [Client Component Browser]
    ./src/components/draw/SmartdrawPlanner.tsx [Client Component Browser]
    ./src/components/draw/SmartdrawPlanner.tsx [Server Component]
    ./src/app/planner-saved/[id]/page.tsx [Server Component]

  Client Component SSR:
    ./src/components/draw/InspectorPanel.tsx [Client Component SSR]
    ./src/features/planner/ui/PlannerMobilePanels.tsx [Client Component SSR]
    ./src/components/draw/SmartdrawPlanner.tsx [Client Component SSR]
    ./src/components/draw/SmartdrawPlanner.tsx [Server Component]
    ./src/app/planner-saved/[id]/page.tsx [Server Component]

https://nextjs.org/docs/messages/module-not-found


./src/components/draw/InspectorPanel.tsx:3:25
Module not found: Can't resolve 'lucide-react'
  [90m1 |[0m ...
  [90m2 |[0m ...
[31m[1m>[0m [90m3 |[0m ...[36mm[0m [32m"react"[0m;
  [90m  |[0m            [31m[1m^[0m
[31m[1m>[0m [90m4 |[0m ...[33mttings2[0m, [33mBox[0m, [33mFileText[0m, [33mMagnet[0m, [33mX[0m, 
[33mMousePointer2[0m, [33mPin[0m, [33mPinOff[0m } [36mfrom[0m [32m"lucide-react"[0m;
  [90m  |[0m    
[31m[1m^^^^^^^^^^^^^^^^^^^^^^^^^^^^^^^^^^^^^^^^^^^^^^^^^^^^^^^^^^^^^^^^^^^^^^^^^^^^^^^^^^^^^^^^^^^[0m
  [90m5 |[0m ...[33mqItem[0m, [33mPlannerStep[0m } [36mfrom[0m [32m"./types"[0m;
  [90m6 |[0m ...
  [90m7 |[0m ...[33mtorPanelProps[0m {



Import traces:
  Client Component Browser:
    ./src/components/draw/InspectorPanel.tsx [Client Component Browser]
    ./src/features/planner/ui/PlannerMobilePanels.tsx [Client Component Browser]
    ./src/components/draw/SmartdrawPlanner.tsx [Client Component Browser]
    ./src/components/draw/SmartdrawPlanner.tsx [Server Component]
    ./src/app/planner-saved/[id]/page.tsx [Server Component]

  Client Component SSR:
    ./src/components/draw/InspectorPanel.tsx [Client Component SSR]
    ./src/features/planner/ui/PlannerMobilePanels.tsx [Client Component SSR]
    ./src/components/draw/SmartdrawPlanner.tsx [Client Component SSR]
    ./src/components/draw/SmartdrawPlanner.tsx [Server Component]
    ./src/app/planner-saved/[id]/page.tsx [Server Component]

https://nextjs.org/docs/messages/module-not-found


./src/components/draw/LayersPanel.tsx:4:1
Module not found: Can't resolve 'lucide-react'
  [90m 2 |[0m
  [90m 3 |[0m [36mimport[0m { useMemo } [36mfrom[0m [32m"react"[0m;
[31m[1m>[0m [90m 4 |[0m [36mimport[0m {
  [90m   |[0m [31m[1m^^^^^^^[0m
[31m[1m>[0m [90m 5 |[0m   [33mArrowDownToLine[0m,
  [90m   |[0m [31m[1m^^^^^^^^^^^^^^^^^^[0m
[31m[1m>[0m [90m 6 |[0m   [33mArrowUpToLine[0m,
  [90m   |[0m [31m[1m^^^^^^^^^^^^^^^^[0m
[31m[1m>[0m [90m 7 |[0m   [33mLock[0m,
  [90m   |[0m [31m[1m^^^^^^^[0m
[31m[1m>[0m [90m 8 |[0m   [33mLockOpen[0m,
  [90m   |[0m [31m[1m^^^^^^^^^^^[0m
[31m[1m>[0m [90m 9 |[0m   [33mMousePointer2[0m,
  [90m   |[0m [31m[1m^^^^^^^^^^^^^^^^[0m
[31m[1m>[0m [90m10 |[0m   [33mPin[0m,
  [90m   |[0m [31m[1m^^^^^^[0m
[31m[1m>[0m [90m11 |[0m   [33mPinOff[0m,
  [90m   |[0m [31m[1m^^^^^^^^^[0m
[31m[1m>[0m [90m12 |[0m   [33mScanSearch[0m,
  [90m   |[0m [31m[1m^^^^^^^^^^^^^[0m
[31m[1m>[0m [90m13 |[0m   [33mX[0m,
  [90m   |[0m [31m[1m^^^^[0m
[31m[1m>[0m [90m14 |[0m } [36mfrom[0m [32m"lucide-react"[0m;
  [90m   |[0m [31m[1m^^^^^^^^^^^^^^^^^^^^^^[0m
  [90m15 |[0m [36mimport[0m { createShapeId, [36mtype[0m [33mEditor[0m } [36mfrom[0m [32m"tldraw"[0m;
  [90m16 |[0m
  [90m17 |[0m [36mimport[0m { getMetricLabelForShape, [36mtype[0m [33mMeasurementUnit[0m } [36mfrom[0m 
[32m"../../features/planner/lib/m...[0m



Import traces:
  Client Component Browser:
    ./src/components/draw/LayersPanel.tsx [Client Component Browser]
    ./src/features/planner/ui/PlannerMobilePanels.tsx [Client Component Browser]
    ./src/components/draw/SmartdrawPlanner.tsx [Client Component Browser]
    ./src/components/draw/SmartdrawPlanner.tsx [Server Component]
    ./src/app/planner-saved/[id]/page.tsx [Server Component]

  Client Component SSR:
    ./src/components/draw/LayersPanel.tsx [Client Component SSR]
    ./src/features/planner/ui/PlannerMobilePanels.tsx [Client Component SSR]
    ./src/components/draw/SmartdrawPlanner.tsx [Client Component SSR]
    ./src/components/draw/SmartdrawPlanner.tsx [Server Component]
    ./src/app/planner-saved/[id]/page.tsx [Server Component]

https://nextjs.org/docs/messages/module-not-found


./src/components/draw/PlannerToolbar.tsx:4:1
Module not found: Can't resolve 'lucide-react'
  [90m 2 |[0m
  [90m 3 |[0m [36mimport[0m [36mtype[0m { [33mReactNode[0m } [36mfrom[0m [32m"react"[0m;
[31m[1m>[0m [90m 4 |[0m [36mimport[0m {
  [90m   |[0m [31m[1m^^^^^^^[0m
[31m[1m>[0m [90m 5 |[0m   [33mBoxes[0m,
  [90m   |[0m [31m[1m^^^^^^^^[0m
[31m[1m>[0m [90m 6 |[0m   [33mCopyPlus[0m,
  [90m   |[0m [31m[1m^^^^^^^^^^^[0m
[31m[1m>[0m [90m 7 |[0m   [33mDownload[0m,
  [90m   |[0m [31m[1m^^^^^^^^^^^[0m
[31m[1m>[0m [90m 8 |[0m   [33mEraser[0m,
  [90m   |[0m [31m[1m^^^^^^^^^[0m
[31m[1m>[0m [90m 9 |[0m   [33mFolderOpen[0m,
  [90m   |[0m [31m[1m^^^^^^^^^^^^^[0m
[31m[1m>[0m [90m10 |[0m   [33mGrid3X3[0m,
  [90m   |[0m [31m[1m^^^^^^^^^^[0m
[31m[1m>[0m [90m11 |[0m   [33mHand[0m,
  [90m   |[0m [31m[1m^^^^^^^[0m
[31m[1m>[0m [90m12 |[0m   [33mImport[0m,
  [90m   |[0m [31m[1m^^^^^^^^^[0m
[31m[1m>[0m [90m13 |[0m   [33mLayers[0m,
  [90m   |[0m [31m[1m^^^^^^^^^[0m
[31m[1m>[0m [90m14 |[0m   [33mLoader2[0m,
  [90m   |[0m [31m[1m^^^^^^^^^^[0m
[31m[1m>[0m [90m15 |[0m   [33mMagnet[0m,
  [90m   |[0m [31m[1m^^^^^^^^^[0m
[31m[1m>[0m [90m16 |[0m   [33mMousePointer2[0m,
  [90m   |[0m [31m[1m^^^^^^^^^^^^^^^^[0m
[31m[1m>[0m [90m17 |[0m   [33mPenTool[0m,
  [90m   |[0m [31m[1m^^^^^^^^^^[0m
[31m[1m>[0m [90m18 |[0m   [33mRedo2[0m,
  [90m   |[0m [31m[1m^^^^^^^^[0m
[31m[1m>[0m [90m19 |[0m   [33mScanSearch[0m,
  [90m   |[0m [31m[1m^^^^^^^^^^^^^[0m
[31m[1m>[0m [90m20 |[0m   [33mSave[0m,
  [90m   |[0m [31m[1m^^^^^^^[0m
[31m[1m>[0m [90m21 |[0m   [33mSettings2[0m,
  [90m   |[0m [31m[1m^^^^^^^^^^^^[0m
[31m[1m>[0m [90m22 |[0m   [33mSlash[0m,
  [90m   |[0m [31m[1m^^^^^^^^[0m
[31m[1m>[0m [90m23 |[0m   [33mSquare[0m,
  [90m   |[0m [31m[1m^^^^^^^^^[0m
[31m[1m>[0m [90m24 |[0m   [33mTrash2[0m,
  [90m   |[0m [31m[1m^^^^^^^^^[0m
[31m[1m>[0m [90m25 |[0m   [33mUndo2[0m,
  [90m   |[0m [31m[1m^^^^^^^^[0m
[31m[1m>[0m [90m26 |[0m } [36mfrom[0m [32m"lucide-react"[0m;
  [90m   |[0m [31m[1m^^^^^^^^^^^^^^^^^^^^^^[0m
  [90m27 |[0m
  [90m28 |[0m [36mimport[0m { [33mStepBar[0m } [36mfrom[0m [32m"./StepBar"[0m;
  [90m29 |[0m [36mimport[0m [36mtype[0m { [33mPlannerDrawingTool[0m, [33mPlannerStep[0m } [36mfrom[0m 
[32m"./types"[0m;



Import traces:
  Client Component Browser:
    ./src/components/draw/PlannerToolbar.tsx [Client Component Browser]
    ./src/components/draw/SmartdrawPlanner.tsx [Client Component Browser]
    ./src/components/draw/SmartdrawPlanner.tsx [Server Component]
    ./src/app/planner-saved/[id]/page.tsx [Server Component]

  Client Component SSR:
    ./src/components/draw/PlannerToolbar.tsx [Client Component SSR]
    ./src/components/draw/SmartdrawPlanner.tsx [Client Component SSR]
    ./src/components/draw/SmartdrawPlanner.tsx [Server Component]
    ./src/app/planner-saved/[id]/page.tsx [Server Component]

https://nextjs.org/docs/messages/module-not-found


./src/components/draw/StepBar.tsx:4:1
Module not found: Can't resolve 'lucide-react'
  [90m2 |[0m
  [90m3 |[0m [36mimport[0m [33mReact[0m [36mfrom[0m [32m"react"[0m;
[31m[1m>[0m [90m4 |[0m [36mimport[0m { [33mBoxes[0m, [33mCheckCircle2[0m, [33mDoorOpen[0m, [33mRuler[0m 
} [36mfrom[0m [32m"lucide-react"[0m;
  [90m  |[0m [31m[1m^^^^^^^^^^^^^^^^^^^^^^^^^^^^^^^^^^^^^^^^^^^^^^^^^^^^^^^^^^^^^^^^^^^^[0m
  [90m5 |[0m [36mimport[0m [36mtype[0m { [33mPlannerStep[0m } [36mfrom[0m [32m"./types"[0m;
  [90m6 |[0m
  [90m7 |[0m [36mconst[0m [33mSTEPS[0m: { key: [33mPlannerStep[0m; label: string; icon: 
[33mReact[0m.[33mReactNode[0m }[] = [



Import traces:
  Client Component Browser:
    ./src/components/draw/StepBar.tsx [Client Component Browser]
    ./src/components/draw/PlannerToolbar.tsx [Client Component Browser]
    ./src/components/draw/SmartdrawPlanner.tsx [Client Component Browser]
    ./src/components/draw/SmartdrawPlanner.tsx [Server Component]
    ./src/app/planner-saved/[id]/page.tsx [Server Component]

  Client Component SSR:
    ./src/components/draw/StepBar.tsx [Client Component SSR]
    ./src/components/draw/PlannerToolbar.tsx [Client Component SSR]
    ./src/components/draw/SmartdrawPlanner.tsx [Client Component SSR]
    ./src/components/draw/SmartdrawPlanner.tsx [Server Component]
    ./src/app/planner-saved/[id]/page.tsx [Server Component]

https://nextjs.org/docs/messages/module-not-found


./src/features/planner/ui/PlannerSessionDialog.tsx:4:1
Module not found: Can't resolve 'lucide-react'
  [90m 2 |[0m
  [90m 3 |[0m [36mimport[0m * [36mas[0m [33mDialog[0m [36mfrom[0m [32m"@radix-ui/react-dialog"[0m;
[31m[1m>[0m [90m 4 |[0m [36mimport[0m {
  [90m   |[0m [31m[1m^^^^^^^[0m
[31m[1m>[0m [90m 5 |[0m   [33mBadgeCheck[0m,
  [90m   |[0m [31m[1m^^^^^^^^^^^^^[0m
[31m[1m>[0m [90m 6 |[0m   [33mCloud[0m,
  [90m   |[0m [31m[1m^^^^^^^^[0m
[31m[1m>[0m [90m 7 |[0m   [33mDownload[0m,
  [90m   |[0m [31m[1m^^^^^^^^^^^[0m
[31m[1m>[0m [90m 8 |[0m   [33mFolderOpen[0m,
  [90m   |[0m [31m[1m^^^^^^^^^^^^^[0m
[31m[1m>[0m [90m 9 |[0m   [33mImport[0m,
  [90m   |[0m [31m[1m^^^^^^^^^[0m
[31m[1m>[0m [90m10 |[0m   [33mLoader2[0m,
  [90m   |[0m [31m[1m^^^^^^^^^^[0m
[31m[1m>[0m [90m11 |[0m   [33mSave[0m,
  [90m   |[0m [31m[1m^^^^^^^[0m
[31m[1m>[0m [90m12 |[0m   [33mShieldCheck[0m,
  [90m   |[0m [31m[1m^^^^^^^^^^^^^^[0m
[31m[1m>[0m [90m13 |[0m   [33mTrash2[0m,
  [90m   |[0m [31m[1m^^^^^^^^^[0m
[31m[1m>[0m [90m14 |[0m   [33mUpload[0m,
  [90m   |[0m [31m[1m^^^^^^^^^[0m
[31m[1m>[0m [90m15 |[0m   [33mX[0m,
  [90m   |[0m [31m[1m^^^^[0m
[31m[1m>[0m [90m16 |[0m } [36mfrom[0m [32m"lucide-react"[0m;
  [90m   |[0m [31m[1m^^^^^^^^^^^^^^^^^^^^^^[0m
  [90m17 |[0m
  [90m18 |[0m [36mexport[0m [36minterface[0m [33mPlannerSavedEntry[0m {
  [90m19 |[0m   id: string;



Import traces:
  Client Component Browser:
    ./src/features/planner/ui/PlannerSessionDialog.tsx [Client Component Browser]
    ./src/components/draw/SmartdrawPlanner.tsx [Client Component Browser]
    ./src/components/draw/SmartdrawPlanner.tsx [Server Component]
    ./src/app/planner-saved/[id]/page.tsx [Server Component]

  Client Component SSR:
    ./src/features/planner/ui/PlannerSessionDialog.tsx [Client Component SSR]
    ./src/components/draw/SmartdrawPlanner.tsx [Client Component SSR]
    ./src/components/draw/SmartdrawPlanner.tsx [Server Component]
    ./src/app/planner-saved/[id]/page.tsx [Server Component]

https://nextjs.org/docs/messages/module-not-found


./node_modules/postcss/lib/input.js:6:18
Module not found: Can't resolve 'nanoid/non-secure'
  [90m4 |[0m [36mlet[0m { fileURLToPath, pathToFileURL } = require([32m'url'[0m)
  [90m5 |[0m [36mlet[0m { isAbsolute, resolve } = require([32m'path'[0m)
[31m[1m>[0m [90m6 |[0m [36mlet[0m { nanoid } = require([32m'nanoid/non-secure'[0m)
  [90m  |[0m                  [31m[1m^^^^^^^^^^^^^^^^^^^^^^^^^^^^[0m
  [90m7 |[0m
  [90m8 |[0m [36mlet[0m terminalHighlight = require([32m'./terminal-highlight'[0m)
  [90m9 |[0m [36mlet[0m [33mCssSyntaxError[0m = require([32m'./css-syntax-error'[0m)



Import trace:
  postcss:
    ./node_modules/postcss/lib/input.js
    ./node_modules/postcss/lib/postcss.js
    ./node_modules/postcss/lib/postcss.mjs

https://nextjs.org/docs/messages/module-not-found


./src/app/api/ai-advisor/route.ts:2:1
Module not found: Can't resolve 'openai'
  [90m1 |[0m [36mimport[0m { [33mNextRequest[0m, [33mNextResponse[0m } [36mfrom[0m [32m"next/server"[0m;
[31m[1m>[0m [90m2 |[0m [36mimport[0m [33mOpenAI[0m [36mfrom[0m [32m"openai"[0m;
  [90m  |[0m [31m[1m^^^^^^^^^^^^^^^^^^^^^^^^^^^^[0m
  [90m3 |[0m [36mimport[0m { getProducts } [36mfrom[0m [32m"@/lib/getProducts"[0m;
  [90m4 |[0m [36mimport[0m { createSupabaseAdminClient } [36mfrom[0m [32m"@/lib/supabaseAdmin"[0m;
  [90m5 |[0m [36mimport[0m { normalizeRequestedCategoryId } [36mfrom[0m [32m"@/lib/catalogCategories"[0m;



https://nextjs.org/docs/messages/module-not-found


./src/app/api/filter/route.ts:2:1
Module not found: Can't resolve 'openai'
  [90m1 |[0m [36mimport[0m { [33mNextRequest[0m, [33mNextResponse[0m } [36mfrom[0m [32m"next/server"[0m;
[31m[1m>[0m [90m2 |[0m [36mimport[0m [33mOpenAI[0m [36mfrom[0m [32m"openai"[0m;
  [90m  |[0m [31m[1m^^^^^^^^^^^^^^^^^^^^^^^^^^^^[0m
  [90m3 |[0m
  [90m4 |[0m [36mtype[0m [33mRankMode[0m = [32m"sustainability"[0m | [32m"price"[0m | [32m"material"[0m | 
[32m"ergonomic"[0m;
  [90m5 |[0m



https://nextjs.org/docs/messages/module-not-found


./src/app/api/generate-alt/route.ts:2:1
Module not found: Can't resolve 'openai'
  [90m1 |[0m [36mimport[0m { [33mNextRequest[0m, [33mNextResponse[0m } [36mfrom[0m [32m"next/server"[0m;
[31m[1m>[0m [90m2 |[0m [36mimport[0m [33mOpenAI[0m [36mfrom[0m [32m"openai"[0m;
  [90m  |[0m [31m[1m^^^^^^^^^^^^^^^^^^^^^^^^^^^^[0m
  [90m3 |[0m
  [90m4 |[0m [36mtype[0m [33mCategoryConfig[0m = { label: string; avoid: string[] };
  [90m5 |[0m



https://nextjs.org/docs/messages/module-not-found


./src/app/api/nav-search/route.ts:2:1
Module not found: Can't resolve 'openai'
  [90m1 |[0m [36mimport[0m { [33mNextRequest[0m, [33mNextResponse[0m } [36mfrom[0m [32m"next/server"[0m;
[31m[1m>[0m [90m2 |[0m [36mimport[0m [33mOpenAI[0m [36mfrom[0m [32m"openai"[0m;
  [90m  |[0m [31m[1m^^^^^^^^^^^^^^^^^^^^^^^^^^^^[0m
  [90m3 |[0m [36mimport[0m [33mFuse[0m [36mfrom[0m [32m"fuse.js"[0m;
  [90m4 |[0m [36mimport[0m { getCatalog } [36mfrom[0m [32m"@/lib/getProducts"[0m;
  [90m5 |[0m [36mimport[0m { buildRequestedCategoryCatalog } [36mfrom[0m [32m"@/lib/catalogCategories"[0m;



https://nextjs.org/docs/messages/module-not-found


./node_modules/postcss/lib/css-syntax-error.js:3:12
Module not found: Can't resolve 'picocolors'
  [90m1 |[0m [32m'use strict'[0m
  [90m2 |[0m
[31m[1m>[0m [90m3 |[0m [36mlet[0m pico = require([32m'picocolors'[0m)
  [90m  |[0m            [31m[1m^^^^^^^^^^^^^^^^^^^^^[0m
  [90m4 |[0m
  [90m5 |[0m [36mlet[0m terminalHighlight = require([32m'./terminal-highlight'[0m)
  [90m6 |[0m



Import trace:
  postcss:
    ./node_modules/postcss/lib/css-syntax-error.js
    ./node_modules/postcss/lib/postcss.js
    ./node_modules/postcss/lib/postcss.mjs

https://nextjs.org/docs/messages/module-not-found


./node_modules/postcss/lib/terminal-highlight.js:3:12
Module not found: Can't resolve 'picocolors'
  [90m1 |[0m [32m'use strict'[0m
  [90m2 |[0m
[31m[1m>[0m [90m3 |[0m [36mlet[0m pico = require([32m'picocolors'[0m)
  [90m  |[0m            [31m[1m^^^^^^^^^^^^^^^^^^^^^[0m
  [90m4 |[0m
  [90m5 |[0m [36mlet[0m tokenizer = require([32m'./tokenize'[0m)
  [90m6 |[0m



Import trace:
  postcss:
    ./node_modules/postcss/lib/terminal-highlight.js
    ./node_modules/postcss/lib/input.js
    ./node_modules/postcss/lib/postcss.js
    ./node_modules/postcss/lib/postcss.mjs

https://nextjs.org/docs/messages/module-not-found


./node_modules/next/dist/client/index.js:39:57
Module not found: Can't resolve 'react'
Import map: aliased to module "'react'" inside of [project]/


Import trace:
  Browser:
    ./node_modules/next/dist/client/index.js
    ./node_modules/next/dist/client/next-turbopack.js

https://nextjs.org/docs/messages/module-not-found


./node_modules/next/dist/client/portal/index.js:11:16
Module not found: Can't resolve 'react'
Import map: aliased to module "'react'" inside of [project]/


Import trace:
  Browser:
    ./node_modules/next/dist/client/portal/index.js
    ./node_modules/next/dist/client/index.js
    ./node_modules/next/dist/client/next-turbopack.js

https://nextjs.org/docs/messages/module-not-found


./node_modules/next/dist/client/route-announcer.js:25:57
Module not found: Can't resolve 'react'
Import map: aliased to module "'react'" inside of [project]/


Import trace:
  Browser:
    ./node_modules/next/dist/client/route-announcer.js
    ./node_modules/next/dist/client/index.js
    ./node_modules/next/dist/client/next-turbopack.js

https://nextjs.org/docs/messages/module-not-found


./node_modules/next/dist/client/router.js:41:57
Module not found: Can't resolve 'react'
Import map: aliased to module "'react'" inside of [project]/


Import trace:
  Browser:
    ./node_modules/next/dist/client/router.js
    ./node_modules/next/dist/client/index.js
    ./node_modules/next/dist/client/next-turbopack.js

https://nextjs.org/docs/messages/module-not-found


./node_modules/next/dist/client/script.js:32:58
Module not found: Can't resolve 'react'
Import map: aliased to module "'react'" inside of [project]/


Import trace:
  Browser:
    ./node_modules/next/dist/client/script.js
    ./node_modules/next/dist/client/index.js
    ./node_modules/next/dist/client/next-turbopack.js

https://nextjs.org/docs/messages/module-not-found


./node_modules/next/dist/client/with-router.js:13:57
Module not found: Can't resolve 'react'
Import map: aliased to module "'react'" inside of [project]/


Import trace:
  Browser:
    ./node_modules/next/dist/client/with-router.js
    ./node_modules/next/dist/client/router.js
    ./node_modules/next/dist/client/index.js
    ./node_modules/next/dist/client/next-turbopack.js

https://nextjs.org/docs/messages/module-not-found


./node_modules/next/dist/pages/_app.js:13:57
Module not found: Can't resolve 'react'
Import map: aliased to module "'react'" inside of [project]/


Import trace:
  Browser:
    ./node_modules/next/dist/pages/_app.js
    ./node_modules/next/dist/client/index.js
    ./node_modules/next/dist/client/next-turbopack.js

https://nextjs.org/docs/messages/module-not-found


./node_modules/next/dist/pages/_error.js:15:57
Module not found: Can't resolve 'react'
Import map: aliased to module "'react'" inside of [project]/


Import trace:
  Browser:
    ./node_modules/next/dist/pages/_error.js
    ./node_modules/next/dist/client/index.js
    ./node_modules/next/dist/client/next-turbopack.js

https://nextjs.org/docs/messages/module-not-found


./node_modules/next/dist/shared/lib/app-router-context.shared-runtime.js:37:57
Module not found: Can't resolve 'react'
Import map: aliased to module "'react'" inside of [project]/


Import traces:
  Browser:
    ./node_modules/next/dist/shared/lib/app-router-context.shared-runtime.js
    ./node_modules/next/dist/client/index.js
    ./node_modules/next/dist/client/next-turbopack.js

  Client Component Browser:
    ./node_modules/next/dist/shared/lib/app-router-context.shared-runtime.js
    ./node_modules/next/dist/client/app-index.js
    ./node_modules/next/dist/client/app-next-turbopack.js

https://nextjs.org/docs/messages/module-not-found


./node_modules/next/dist/shared/lib/head-manager-context.shared-runtime.js:12:57
Module not found: Can't resolve 'react'
Import map: aliased to module "'react'" inside of [project]/


Import traces:
  Browser:
    ./node_modules/next/dist/shared/lib/head-manager-context.shared-runtime.js
    ./node_modules/next/dist/client/index.js
    ./node_modules/next/dist/client/next-turbopack.js

  Client Component Browser:
    ./node_modules/next/dist/shared/lib/head-manager-context.shared-runtime.js
    ./node_modules/next/dist/client/app-index.js
    ./node_modules/next/dist/client/app-next-turbopack.js

https://nextjs.org/docs/messages/module-not-found


./node_modules/next/dist/shared/lib/head.js:27:58
Module not found: Can't resolve 'react'
Import map: aliased to module "'react'" inside of [project]/


Import trace:
  Browser:
    ./node_modules/next/dist/shared/lib/head.js
    ./node_modules/next/dist/pages/_error.js
    ./node_modules/next/dist/client/index.js
    ./node_modules/next/dist/client/next-turbopack.js

https://nextjs.org/docs/messages/module-not-found


./node_modules/next/dist/shared/lib/hooks-client-context.shared-runtime.js:40:16
Module not found: Can't resolve 'react'
Import map: aliased to module "'react'" inside of [project]/


Import traces:
  Browser:
    ./node_modules/next/dist/shared/lib/hooks-client-context.shared-runtime.js
    ./node_modules/next/dist/client/index.js
    ./node_modules/next/dist/client/next-turbopack.js

  Client Component Browser:
    ./node_modules/next/dist/shared/lib/hooks-client-context.shared-runtime.js
    ./node_modules/next/dist/client/components/app-router.js
    ./node_modules/next/dist/client/app-index.js
    ./node_modules/next/dist/client/app-next-turbopack.js

https://nextjs.org/docs/messages/module-not-found


./node_modules/next/dist/shared/lib/image-config-context.shared-runtime.js:12:57
Module not found: Can't resolve 'react'
Import map: aliased to module "'react'" inside of [project]/


Import trace:
  Browser:
    ./node_modules/next/dist/shared/lib/image-config-context.shared-runtime.js
    ./node_modules/next/dist/client/index.js
    ./node_modules/next/dist/client/next-turbopack.js

https://nextjs.org/docs/messages/module-not-found


./node_modules/next/dist/shared/lib/router-context.shared-runtime.js:12:57
Module not found: Can't resolve 'react'
Import map: aliased to module "'react'" inside of [project]/


Import trace:
  Browser:
    ./node_modules/next/dist/shared/lib/router-context.shared-runtime.js
    ./node_modules/next/dist/client/index.js
    ./node_modules/next/dist/client/next-turbopack.js

https://nextjs.org/docs/messages/module-not-found


./node_modules/next/dist/shared/lib/router/adapters.js:33:58
Module not found: Can't resolve 'react'
Import map: aliased to module "'react'" inside of [project]/


Import trace:
  Browser:
    ./node_modules/next/dist/shared/lib/router/adapters.js
    ./node_modules/next/dist/client/index.js
    ./node_modules/next/dist/client/next-turbopack.js

https://nextjs.org/docs/messages/module-not-found


./node_modules/next/dist/shared/lib/side-effect.js:11:16
Module not found: Can't resolve 'react'
Import map: aliased to module "'react'" inside of [project]/


Import trace:
  Browser:
    ./node_modules/next/dist/shared/lib/side-effect.js
    ./node_modules/next/dist/shared/lib/head.js
    ./node_modules/next/dist/pages/_error.js
    ./node_modules/next/dist/client/index.js
    ./node_modules/next/dist/client/next-turbopack.js

https://nextjs.org/docs/messages/module-not-found


./node_modules/next/dist/client/portal/index.js:12:19
Module not found: Can't resolve 'react-dom'
Import map: aliased to module "'react-dom'" inside of [project]/


Import trace:
  Browser:
    ./node_modules/next/dist/client/portal/index.js
    ./node_modules/next/dist/client/index.js
    ./node_modules/next/dist/client/next-turbopack.js

https://nextjs.org/docs/messages/module-not-found


./node_modules/next/dist/client/script.js:31:60
Module not found: Can't resolve 'react-dom'
Import map: aliased to module "'react-dom'" inside of [project]/


Import trace:
  Browser:
    ./node_modules/next/dist/client/script.js
    ./node_modules/next/dist/client/index.js
    ./node_modules/next/dist/client/next-turbopack.js

https://nextjs.org/docs/messages/module-not-found


./node_modules/next/dist/client/index.js:40:58
Module not found: Can't resolve 'react-dom/client'
Import map: aliased to module 'react-dom' with subpath '/client' inside of [project]/


Import trace:
  Browser:
    ./node_modules/next/dist/client/index.js
    ./node_modules/next/dist/client/next-turbopack.js

https://nextjs.org/docs/messages/module-not-found


./node_modules/next/dist/client/index.js:37:21
Module not found: Can't resolve 'react/jsx-runtime'
Import map: aliased to module 'react' with subpath '/jsx-runtime' inside of [project]/


Import trace:
  Browser:
    ./node_modules/next/dist/client/index.js
    ./node_modules/next/dist/client/next-turbopack.js

https://nextjs.org/docs/messages/module-not-found


./node_modules/next/dist/client/route-announcer.js:24:21
Module not found: Can't resolve 'react/jsx-runtime'
Import map: aliased to module 'react' with subpath '/jsx-runtime' inside of [project]/


Import trace:
  Browser:
    ./node_modules/next/dist/client/route-announcer.js
    ./node_modules/next/dist/client/index.js
    ./node_modules/next/dist/client/next-turbopack.js

https://nextjs.org/docs/messages/module-not-found


./node_modules/next/dist/client/script.js:30:21
Module not found: Can't resolve 'react/jsx-runtime'
Import map: aliased to module 'react' with subpath '/jsx-runtime' inside of [project]/


Import trace:
  Browser:
    ./node_modules/next/dist/client/script.js
    ./node_modules/next/dist/client/index.js
    ./node_modules/next/dist/client/next-turbopack.js

https://nextjs.org/docs/messages/module-not-found


./node_modules/next/dist/client/with-router.js:12:21
Module not found: Can't resolve 'react/jsx-runtime'
Import map: aliased to module 'react' with subpath '/jsx-runtime' inside of [project]/


Import trace:
  Browser:
    ./node_modules/next/dist/client/with-router.js
    ./node_modules/next/dist/client/router.js
    ./node_modules/next/dist/client/index.js
    ./node_modules/next/dist/client/next-turbopack.js

https://nextjs.org/docs/messages/module-not-found


./node_modules/next/dist/pages/_app.js:12:21
Module not found: Can't resolve 'react/jsx-runtime'
Import map: aliased to module 'react' with subpath '/jsx-runtime' inside of [project]/


Import trace:
  Browser:
    ./node_modules/next/dist/pages/_app.js
    ./node_modules/next/dist/client/index.js
    ./node_modules/next/dist/client/next-turbopack.js

https://nextjs.org/docs/messages/module-not-found


./node_modules/next/dist/pages/_error.js:14:21
Module not found: Can't resolve 'react/jsx-runtime'
Import map: aliased to module 'react' with subpath '/jsx-runtime' inside of [project]/


Import trace:
  Browser:
    ./node_modules/next/dist/pages/_error.js
    ./node_modules/next/dist/client/index.js
    ./node_modules/next/dist/client/next-turbopack.js

https://nextjs.org/docs/messages/module-not-found


./node_modules/next/dist/shared/lib/head.js:26:21
Module not found: Can't resolve 'react/jsx-runtime'
Import map: aliased to module 'react' with subpath '/jsx-runtime' inside of [project]/


Import trace:
  Browser:
    ./node_modules/next/dist/shared/lib/head.js
    ./node_modules/next/dist/pages/_error.js
    ./node_modules/next/dist/client/index.js
    ./node_modules/next/dist/client/next-turbopack.js

https://nextjs.org/docs/messages/module-not-found


./node_modules/next/dist/shared/lib/router/adapters.js:32:21
Module not found: Can't resolve 'react/jsx-runtime'
Import map: aliased to module 'react' with subpath '/jsx-runtime' inside of [project]/


Import trace:
  Browser:
    ./node_modules/next/dist/shared/lib/router/adapters.js
    ./node_modules/next/dist/client/index.js
    ./node_modules/next/dist/client/next-turbopack.js

https://nextjs.org/docs/messages/module-not-found


./node_modules/postcss/lib/input.js:3:49
Module not found: Can't resolve 'source-map-js'
  [90m1 |[0m [32m'use strict'[0m
  [90m2 |[0m
[31m[1m>[0m [90m3 |[0m [36mlet[0m { [33mSourceMapConsumer[0m, [33mSourceMapGenerator[0m } = 
require([32m'source-map-js'[0m)
  [90m  |[0m                                                 [31m[1m^^^^^^^^^^^^^^^^^^^^^^^^[0m
  [90m4 |[0m [36mlet[0m { fileURLToPath, pathToFileURL } = require([32m'url'[0m)
  [90m5 |[0m [36mlet[0m { isAbsolute, resolve } = require([32m'path'[0m)
  [90m6 |[0m [36mlet[0m { nanoid } = require([32m'nanoid/non-secure'[0m)



Import trace:
  postcss:
    ./node_modules/postcss/lib/input.js
    ./node_modules/postcss/lib/postcss.js
    ./node_modules/postcss/lib/postcss.mjs

https://nextjs.org/docs/messages/module-not-found


./node_modules/postcss/lib/map-generator.js:3:49
Module not found: Can't resolve 'source-map-js'
  [90m1 |[0m [32m'use strict'[0m
  [90m2 |[0m
[31m[1m>[0m [90m3 |[0m [36mlet[0m { [33mSourceMapConsumer[0m, [33mSourceMapGenerator[0m } = 
require([32m'source-map-js'[0m)
  [90m  |[0m                                                 [31m[1m^^^^^^^^^^^^^^^^^^^^^^^^[0m
  [90m4 |[0m [36mlet[0m { dirname, relative, resolve, sep } = require([32m'path'[0m)
  [90m5 |[0m [36mlet[0m { pathToFileURL } = require([32m'url'[0m)
  [90m6 |[0m



Import trace:
  postcss:
    ./node_modules/postcss/lib/map-generator.js
    ./node_modules/postcss/lib/lazy-result.js
    ./node_modules/postcss/lib/postcss.js
    ./node_modules/postcss/lib/postcss.mjs

https://nextjs.org/docs/messages/module-not-found


./node_modules/postcss/lib/previous-map.js:3:49
Module not found: Can't resolve 'source-map-js'
  [90m1 |[0m [32m'use strict'[0m
  [90m2 |[0m
[31m[1m>[0m [90m3 |[0m [36mlet[0m { [33mSourceMapConsumer[0m, [33mSourceMapGenerator[0m } = 
require([32m'source-map-js'[0m)
  [90m  |[0m                                                 [31m[1m^^^^^^^^^^^^^^^^^^^^^^^^[0m
  [90m4 |[0m [36mlet[0m { existsSync, readFileSync } = require([32m'fs'[0m)
  [90m5 |[0m [36mlet[0m { dirname, join } = require([32m'path'[0m)
  [90m6 |[0m



Import trace:
  postcss:
    ./node_modules/postcss/lib/previous-map.js
    ./node_modules/postcss/lib/input.js
    ./node_modules/postcss/lib/postcss.js
    ./node_modules/postcss/lib/postcss.mjs

https://nextjs.org/docs/messages/module-not-found


./src/components/draw/LayersPanel.tsx:15:1
Module not found: Can't resolve 'tldraw'
  [90m13 |[0m   [33mX[0m,
  [90m14 |[0m } [36mfrom[0m [32m"lucide-react"[0m;
[31m[1m>[0m [90m15 |[0m [36mimport[0m { createShapeId, [36mtype[0m [33mEditor[0m } [36mfrom[0m 
[32m"tldraw"[0m;
  [90m   |[0m [31m[1m^^^^^^^^^^^^^^^^^^^^^^^^^^^^^^^^^^^^^^^^^^^^^^^^^^^^[0m
  [90m16 |[0m
  [90m17 |[0m [36mimport[0m { getMetricLabelForShape, [36mtype[0m [33mMeasurementUnit[0m } [36mfrom[0m 
[32m"../../features/planner/lib/m...[0m
  [90m18 |[0m [36mimport[0m [36mtype[0m { [33mPlannerShapeMeta[0m } [36mfrom[0m [32m"./types"[0m;



Import traces:
  Client Component Browser:
    ./src/components/draw/LayersPanel.tsx [Client Component Browser]
    ./src/features/planner/ui/PlannerMobilePanels.tsx [Client Component Browser]
    ./src/components/draw/SmartdrawPlanner.tsx [Client Component Browser]
    ./src/components/draw/SmartdrawPlanner.tsx [Server Component]
    ./src/app/planner-saved/[id]/page.tsx [Server Component]

  Client Component SSR:
    ./src/components/draw/LayersPanel.tsx [Client Component SSR]
    ./src/features/planner/ui/PlannerMobilePanels.tsx [Client Component SSR]
    ./src/components/draw/SmartdrawPlanner.tsx [Client Component SSR]
    ./src/components/draw/SmartdrawPlanner.tsx [Server Component]
    ./src/app/planner-saved/[id]/page.tsx [Server Component]

https://nextjs.org/docs/messages/module-not-found


./src/components/draw/PlannerCanvas.tsx:3:1
Module not found: Can't resolve 'tldraw'
  [90m1 |[0m [32m"use client"[0m;
  [90m2 |[0m
[31m[1m>[0m [90m3 |[0m [36mimport[0m { [33mTldraw[0m, [36mtype[0m [33mTLComponents[0m } [36mfrom[0m 
[32m"tldraw"[0m;
  [90m  |[0m [31m[1m^^^^^^^^^^^^^^^^^^^^^^^^^^^^^^^^^^^^^^^^^^^^^^^^^^^[0m
  [90m4 |[0m
  [90m5 |[0m [36mimport[0m [36mtype[0m { [33mCanvasMeasurement[0m } [36mfrom[0m 
[32m"../../features/planner/lib/measurements"[0m;
  [90m6 |[0m



Import traces:
  Client Component Browser:
    ./src/components/draw/PlannerCanvas.tsx [Client Component Browser]
    ./src/components/draw/SmartdrawPlanner.tsx [Client Component Browser]
    ./src/components/draw/SmartdrawPlanner.tsx [Server Component]
    ./src/app/planner-saved/[id]/page.tsx [Server Component]

  Client Component SSR:
    ./src/components/draw/PlannerCanvas.tsx [Client Component SSR]
    ./src/components/draw/SmartdrawPlanner.tsx [Client Component SSR]
    ./src/components/draw/SmartdrawPlanner.tsx [Server Component]
    ./src/app/planner-saved/[id]/page.tsx [Server Component]

https://nextjs.org/docs/messages/module-not-found


./src/components/draw/SmartdrawPlanner.tsx:5:1
Module not found: Can't resolve 'tldraw'
  [90m3 |[0m ...[36mt[0m [33mReact[0m, { useCallback, useEffect, useMemo, useRef, useState } [36mfrom[0m 
[32m"react"[0m;
  [90m4 |[0m ...[36mt[0m { getIndices } [36mfrom[0m [32m"@tldraw/utils"[0m;
[31m[1m>[0m [90m5 |[0m ...[36mt[0m { [33mAssetRecordType[0m, createShapeId, [33mEditor[0m, [36mtype[0m 
[33mTLGeoShape[0m, [36mtype[0m [33mTLLineShape[0m } [36mfrom[0m [32m"tl...[0m
  [90m  |[0m    
[31m[1m^^^^^^^^^^^^^^^^^^^^^^^^^^^^^^^^^^^^^^^^^^^^^^^^^^^^^^^^^^^^^^^^^^^^^^^^^^^^^^^^^^^^^^^^^^^[0m
  [90m6 |[0m ...[36mt[0m [32m"tldraw/tldraw.css"[0m;
  [90m7 |[0m ...[36mt[0m { useRouter } [36mfrom[0m [32m"next/navigation"[0m;
  [90m8 |[0m ...



Import trace:
  Server Component:
    ./src/components/draw/SmartdrawPlanner.tsx
    ./src/app/planner-saved/[id]/page.tsx

https://nextjs.org/docs/messages/module-not-found


./src/components/draw/SmartdrawPlanner.tsx:6:1
Module not found: Can't resolve 'tldraw/tldraw.css'
  [90m4 |[0m [36mimport[0m { getIndices } [36mfrom[0m [32m"@tldraw/utils"[0m;
  [90m5 |[0m [36mimport[0m { [33mAssetRecordType[0m, createShapeId, [33mEditor[0m, [36mtype[0m 
[33mTLGeoShape[0m, [36mtype[0m [33mTLLineShape[0m } [36mfrom[0m [32m"...[0m
[31m[1m>[0m [90m6 |[0m [36mimport[0m [32m"tldraw/tldraw.css"[0m;
  [90m  |[0m [31m[1m^^^^^^^^^^^^^^^^^^^^^^^^^^^[0m
  [90m7 |[0m [36mimport[0m { useRouter } [36mfrom[0m [32m"next/navigation"[0m;
  [90m8 |[0m
  [90m9 |[0m [36mimport[0m {



Import trace:
  Server Component:
    ./src/components/draw/SmartdrawPlanner.tsx
    ./src/app/planner-saved/[id]/page.tsx

https://nextjs.org/docs/messages/module-not-found


./src/components/draw/MobileDrawerSheet.tsx:3:1
Module not found: Can't resolve 'vaul'
  [90m1 |[0m [32m"use client"[0m;
  [90m2 |[0m
[31m[1m>[0m [90m3 |[0m [36mimport[0m { [33mDrawer[0m } [36mfrom[0m [32m"vaul"[0m;
  [90m  |[0m [31m[1m^^^^^^^^^^^^^^^^^^^^^^^^^^^^^^[0m
  [90m4 |[0m [36mimport[0m { [33mReactNode[0m } [36mfrom[0m [32m"react"[0m;
  [90m5 |[0m
  [90m6 |[0m [36minterface[0m [33mMobileDrawerSheetProps[0m {



Import traces:
  Client Component Browser:
    ./src/components/draw/MobileDrawerSheet.tsx [Client Component Browser]
    ./src/features/planner/ui/PlannerMobilePanels.tsx [Client Component Browser]
    ./src/components/draw/SmartdrawPlanner.tsx [Client Component Browser]
    ./src/components/draw/SmartdrawPlanner.tsx [Server Component]
    ./src/app/planner-saved/[id]/page.tsx [Server Component]

  Client Component SSR:
    ./src/components/draw/MobileDrawerSheet.tsx [Client Component SSR]
    ./src/features/planner/ui/PlannerMobilePanels.tsx [Client Component SSR]
    ./src/components/draw/SmartdrawPlanner.tsx [Client Component SSR]
    ./src/components/draw/SmartdrawPlanner.tsx [Server Component]
    ./src/app/planner-saved/[id]/page.tsx [Server Component]

https://nextjs.org/docs/messages/module-not-found


./src/app/api/customer-queries/route.ts:4:1
Module not found: Can't resolve 'zod'
  [90m2 |[0m [36mimport[0m { supabase } [36mfrom[0m [32m"@/lib/db"[0m;
  [90m3 |[0m [36mimport[0m { rateLimit } [36mfrom[0m [32m"@/lib/rateLimit"[0m;
[31m[1m>[0m [90m4 |[0m [36mimport[0m { z } [36mfrom[0m [32m"zod"[0m;
  [90m  |[0m [31m[1m^^^^^^^^^^^^^^^^^^^^^^^^[0m
  [90m5 |[0m
  [90m6 |[0m [90m/* ΓöÇΓöÇ Zod Schema ΓöÇΓöÇΓöÇΓöÇΓöÇΓöÇΓöÇΓöÇΓöÇΓöÇΓöÇΓöÇΓöÇΓöÇΓöÇΓöÇΓöÇΓöÇΓöÇΓöÇΓöÇΓöÇΓöÇΓöÇΓöÇΓöÇ 
*/[0m
  [90m7 |[0m [36mconst[0m [33mCustomerQuerySchema[0m = z



https://nextjs.org/docs/messages/module-not-found


./src/features/planner/model/plannerDocument.ts:1:1
Module not found: Can't resolve 'zod'
[31m[1m>[0m [90m1 |[0m [36mimport[0m { z } [36mfrom[0m [32m"zod"[0m;
  [90m  |[0m [31m[1m^^^^^^^^^^^^^^^^^^^^^^^^[0m
  [90m2 |[0m
  [90m3 |[0m [36mexport[0m [36mconst[0m [33mPLANNER_DOCUMENT_SCHEMA_VERSION[0m = [35m1[0m [36mas[0m 
[36mconst[0m;
  [90m4 |[0m



Import traces:
  Client Component Browser:
    ./src/features/planner/model/plannerDocument.ts [Client Component Browser]
    ./src/app/configurator/page.tsx [Client Component Browser]
    ./src/app/configurator/page.tsx [Server Component]

  Client Component SSR:
    ./src/features/planner/model/plannerDocument.ts [Client Component SSR]
    ./src/app/configurator/page.tsx [Client Component SSR]
    ./src/app/configurator/page.tsx [Server Component]

  Server Component:
    ./src/features/planner/model/plannerDocument.ts
    ./src/features/planner/model/index.ts
    ./src/features/planner/data/plannerManagedProducts.ts
    ./src/features/planner/data/plannerCatalog.ts
    ./src/app/planner/page.tsx

https://nextjs.org/docs/messages/module-not-found


./src/features/planner/model/plannerManagedProduct.ts:1:1
Module not found: Can't resolve 'zod'
[31m[1m>[0m [90m1 |[0m [36mimport[0m { z } [36mfrom[0m [32m"zod"[0m;
  [90m  |[0m [31m[1m^^^^^^^^^^^^^^^^^^^^^^^^[0m
  [90m2 |[0m
  [90m3 |[0m [36mexport[0m [36mconst[0m plannerManagedProductStatusSchema = 
z.[36menum[0m([[32m"candidate"[0m, [32m"approved"[0m, [32m"hidden"[0m,.[32m..[0m
  [90m4 |[0m



Import traces:
  Client Component Browser:
    ./src/features/planner/model/plannerManagedProduct.ts [Client Component Browser]
    ./src/features/planner/model/index.ts [Client Component Browser]
    ./src/app/configurator/page.tsx [Client Component Browser]
    ./src/app/configurator/page.tsx [Server Component]

  Client Component SSR:
    ./src/features/planner/model/plannerManagedProduct.ts [Client Component SSR]
    ./src/features/planner/model/index.ts [Client Component SSR]
    ./src/app/configurator/page.tsx [Client Component SSR]
    ./src/app/configurator/page.tsx [Server Component]

  Server Component:
    ./src/features/planner/model/plannerManagedProduct.ts
    ./src/features/planner/data/plannerManagedProducts.ts
    ./src/features/planner/data/plannerCatalog.ts
    ./src/app/planner/page.tsx

https://nextjs.org/docs/messages/module-not-found


./src/lib/store/quoteCart.ts:6:1
Module not found: Can't resolve 'zustand'
  [90m4 |[0m [90m// and tldraw's own store. This store handles quote cart lifecycle only.[0m
  [90m5 |[0m
[31m[1m>[0m [90m6 |[0m [36mimport[0m { create } [36mfrom[0m [32m"zustand"[0m;
  [90m  |[0m [31m[1m^^^^^^^^^^^^^^^^^^^^^^^^^^^^^^^^^[0m
  [90m7 |[0m [36mimport[0m { createJSONStorage, persist } [36mfrom[0m [32m"zustand/middleware"[0m;
  [90m8 |[0m
  [90m9 |[0m [36mexport[0m [36minterface[0m [33mQuoteCartItem[0m {



Import traces:
  Client Component Browser:
    ./src/lib/store/quoteCart.ts [Client Component Browser]
    ./src/components/draw/SmartdrawPlanner.tsx [Client Component Browser]
    ./src/components/draw/SmartdrawPlanner.tsx [Server Component]
    ./src/app/planner/page.tsx [Server Component]

  Client Component SSR:
    ./src/lib/store/quoteCart.ts [Client Component SSR]
    ./src/components/draw/SmartdrawPlanner.tsx [Client Component SSR]
    ./src/components/draw/SmartdrawPlanner.tsx [Server Component]
    ./src/app/planner/page.tsx [Server Component]

https://nextjs.org/docs/messages/module-not-found


./src/lib/store/quoteCart.ts:7:1
Module not found: Can't resolve 'zustand/middleware'
  [90m 5 |[0m
  [90m 6 |[0m [36mimport[0m { create } [36mfrom[0m [32m"zustand"[0m;
[31m[1m>[0m [90m 7 |[0m [36mimport[0m { createJSONStorage, persist } [36mfrom[0m [32m"zustand/middleware"[0m;
  [90m   |[0m [31m[1m^^^^^^^^^^^^^^^^^^^^^^^^^^^^^^^^^^^^^^^^^^^^^^^^^^^^^^^^^^^^^^^^[0m
  [90m 8 |[0m
  [90m 9 |[0m [36mexport[0m [36minterface[0m [33mQuoteCartItem[0m {
  [90m10 |[0m   id: string;



Import traces:
  Client Component Browser:
    ./src/lib/store/quoteCart.ts [Client Component Browser]
    ./src/components/draw/SmartdrawPlanner.tsx [Client Component Browser]
    ./src/components/draw/SmartdrawPlanner.tsx [Server Component]
    ./src/app/planner/page.tsx [Server Component]

  Client Component SSR:
    ./src/lib/store/quoteCart.ts [Client Component SSR]
    ./src/components/draw/SmartdrawPlanner.tsx [Client Component SSR]
    ./src/components/draw/SmartdrawPlanner.tsx [Server Component]
    ./src/app/planner/page.tsx [Server Component]

https://nextjs.org/docs/messages/module-not-found


./src/features/planner/data/plannerCatalog.ts:4:1
Export listPlannerManagedProductsForPlannerCatalog doesn't exist in target module
  [90m2 |[0m
  [90m3 |[0m [36mimport[0m { getCatalog } [36mfrom[0m [32m"@/lib/getProducts"[0m;
[31m[1m>[0m [90m4 |[0m [36mimport[0m { listPlannerManagedProductsForPlannerCatalog } [36mfrom[0m 
[32m"./plannerManagedProducts"[0m;
  [90m  |[0m [31m[1m^^^^^^^^^^^^^^^^^^^^^^^^^^^^^^^^^^^^^^^^^^^^^^^^^^^^^^^^^^^^^^^^^^^^^^^^^^^^^^^^^^^^^^^[0m
  [90m5 |[0m [36mimport[0m {
  [90m6 |[0m   normalizePlannerCatalogProducts,
  [90m7 |[0m   mergePlannerCatalogProducts,

The export listPlannerManagedProductsForPlannerCatalog was not found in module 
[project]/src/features/planner/data/plannerManagedProducts.ts [app-rsc] (ecmascript).
Did you mean to import listPlannerManagedProductsFromSupabase?
All exports of the module are statically known (It doesn't have dynamic exports). So it's known statically that the 
requested export doesn't exist.

Import trace:
  Server Component:
    ./src/features/planner/data/plannerCatalog.ts
    ./src/app/planner/page.tsx


    at moduleFactory (turbopack:///[turbopack]/nodejs/runtime/build-base.ts:57:5) [C:\claude0104 - 
Copy\apps\cad-suite\.next\build\chunks\[turbopack]_runtime.js:840:9])
    at instantiateModule (turbopack:///[turbopack]/nodejs/runtime/build-base.ts:90:10) [C:\claude0104 - 
Copy\apps\cad-suite\.next\build\chunks\[turbopack]_runtime.js:864:12])
    at getOrInstantiateModuleFromParent (turbopack:///[turbopack]/shared/runtime/runtime-utils.ts:440:10) 
[C:\claude0104 - Copy\apps\cad-suite\.next\build\chunks\[turbopack]_runtime.js:289:12])
    at moduleFactory (turbopack:///[turbopack]/nodejs/runtime/build-base.ts:57:5) [C:\claude0104 - 
Copy\apps\cad-suite\.next\build\chunks\[turbopack]_runtime.js:840:9])
    at instantiateModule (turbopack:///[turbopack]/nodejs/runtime/build-base.ts:90:10) [C:\claude0104 - 
Copy\apps\cad-suite\.next\build\chunks\[turbopack]_runtime.js:864:12])
    at getOrInstantiateModuleFromParent (turbopack:///[turbopack]/shared/runtime/runtime-utils.ts:398:18) 
[C:\claude0104 - Copy\apps\cad-suite\.next\build\chunks\[turbopack]_runtime.js:268:20])
    ... collapsed 12 duplicate lines matching above 6 lines 2 times...
    at <unknown> (./src/features/planner/ui/PlannerSessionDialog.tsx:3:1)
    at <unknown> (https://nextjs.org/docs/messages/module-not-found)
    at <unknown> (./src/features/planner/3d/Planner3DViewer.tsx:5:1)
    at <unknown> (https://nextjs.org/docs/messages/module-not-found)
    at <unknown> (./src/features/planner/3d/Planner3DViewer.tsx:4:1)
    at <unknown> (https://nextjs.org/docs/messages/module-not-found)
    at <unknown> (./src/lib/supabase/client.ts:1:1)
    at <unknown> (https://nextjs.org/docs/messages/module-not-found)
    at <unknown> (./src/lib/db.ts:1:1)
    at <unknown> (https://nextjs.org/docs/messages/module-not-found)
    at <unknown> (./src/lib/supabaseAdmin.ts:1:1)
    at <unknown> (https://nextjs.org/docs/messages/module-not-found)
    ... collapsed 43 duplicate lines matching above 1 lines 43 times...
    at <unknown> (./src/features/planner/lib/editorTools.ts:3:1)
    at <unknown> (https://nextjs.org/docs/messages/module-not-found)
    at <unknown> (./src/components/draw/SmartdrawPlanner.tsx:4:1)
    at <unknown> (https://nextjs.org/docs/messages/module-not-found)
    at <unknown> (./src/components/draw/WorkspacePanel.tsx:3:1)
    at <unknown> (https://nextjs.org/docs/messages/module-not-found)
    at <unknown> (./src/app/api/nav-search/route.ts:3:1)
    at <unknown> (https://nextjs.org/docs/messages/module-not-found)
    at <unknown> (./src/app/api/products/filter/route.ts:2:1)
    at <unknown> (https://nextjs.org/docs/messages/module-not-found)
    at <unknown> (./src/app/quote-cart/page.tsx:4:1)
    at <unknown> (https://nextjs.org/docs/messages/module-not-found)
    at <unknown> (./src/app/quote-cart/page.tsx:3:28)
    at <unknown> (https://nextjs.org/docs/messages/module-not-found)
    at <unknown> (./src/components/bot/UnifiedAssistant.tsx:6:1)
    at <unknown> (https://nextjs.org/docs/messages/module-not-found)
    at <unknown> (./src/components/draw/AiCopilot.tsx:4:1)
    at <unknown> (https://nextjs.org/docs/messages/module-not-found)
    at <unknown> (./src/components/draw/AiCopilot.tsx:3:25)
    at <unknown> (https://nextjs.org/docs/messages/module-not-found)
    at <unknown> (./src/components/draw/CatalogPanel.tsx:4:1)
    at <unknown> (https://nextjs.org/docs/messages/module-not-found)
    at <unknown> (./src/components/draw/InspectorPanel.tsx:4:1)
    at <unknown> (https://nextjs.org/docs/messages/module-not-found)
    at <unknown> (./src/components/draw/InspectorPanel.tsx:3:25)
    at <unknown> (https://nextjs.org/docs/messages/module-not-found)
    at <unknown> (./src/components/draw/LayersPanel.tsx:4:1)
    at <unknown> (https://nextjs.org/docs/messages/module-not-found)
    at <unknown> (./src/components/draw/PlannerToolbar.tsx:4:1)
    at <unknown> (https://nextjs.org/docs/messages/module-not-found)
    at <unknown> (./src/components/draw/StepBar.tsx:4:1)
    at <unknown> (https://nextjs.org/docs/messages/module-not-found)
    at <unknown> (./src/features/planner/ui/PlannerSessionDialog.tsx:4:1)
    at <unknown> (https://nextjs.org/docs/messages/module-not-found)
    at <unknown> (https://nextjs.org/docs/messages/module-not-found)
    at <unknown> (./src/app/api/ai-advisor/route.ts:2:1)
    at <unknown> (https://nextjs.org/docs/messages/module-not-found)
    at <unknown> (./src/app/api/filter/route.ts:2:1)
    at <unknown> (https://nextjs.org/docs/messages/module-not-found)
    at <unknown> (./src/app/api/generate-alt/route.ts:2:1)
    at <unknown> (https://nextjs.org/docs/messages/module-not-found)
    at <unknown> (./src/app/api/nav-search/route.ts:2:1)
    at <unknown> (https://nextjs.org/docs/messages/module-not-found)
    ... collapsed 32 duplicate lines matching above 1 lines 32 times...
    at <unknown> (./src/components/draw/LayersPanel.tsx:15:1)
    at <unknown> (https://nextjs.org/docs/messages/module-not-found)
    at <unknown> (./src/components/draw/PlannerCanvas.tsx:3:1)
    at <unknown> (https://nextjs.org/docs/messages/module-not-found)
    at <unknown> (./src/components/draw/SmartdrawPlanner.tsx:5:1)
    at <unknown> (https://nextjs.org/docs/messages/module-not-found)
    at <unknown> (./src/components/draw/SmartdrawPlanner.tsx:6:1)
    at <unknown> (https://nextjs.org/docs/messages/module-not-found)
    at <unknown> (./src/components/draw/MobileDrawerSheet.tsx:3:1)
    at <unknown> (https://nextjs.org/docs/messages/module-not-found)
    at <unknown> (./src/app/api/customer-queries/route.ts:4:1)
    at <unknown> (https://nextjs.org/docs/messages/module-not-found)
    at <unknown> (./src/features/planner/model/plannerDocument.ts:1:1)
    at <unknown> (https://nextjs.org/docs/messages/module-not-found)
    at <unknown> (./src/features/planner/model/plannerManagedProduct.ts:1:1)
    at <unknown> (https://nextjs.org/docs/messages/module-not-found)
    at <unknown> (./src/lib/store/quoteCart.ts:6:1)
    at <unknown> (https://nextjs.org/docs/messages/module-not-found)
    at <unknown> (./src/lib/store/quoteCart.ts:7:1)
    at <unknown> (https://nextjs.org/docs/messages/module-not-found)
    at <unknown> (./src/features/planner/data/plannerCatalog.ts:4:1)
npm error Lifecycle script `build` failed with error:
npm error code 1
npm error path C:\claude0104 - Copy\apps\cad-suite
npm error workspace cad-suite@0.1.0
npm error location C:\claude0104 - Copy\apps\cad-suite
npm error command failed
npm error command C:\WINDOWS\system32\cmd.exe /d /s /c next build
